###############################################################################
#
# IAR ELF Linker V7.30.4.8167/W32 for ARM                 25/Sep/2017  14:25:56
# Copyright 2007-2014 IAR Systems AB.
#
#    Output file  =  
#        F:\海尔\新版+8k解码+预约+去掉多余代码\project\Debug\Exe\app.out
#    Map file     =  
#        F:\海尔\新版+8k解码+预约+去掉多余代码\project\Debug\List\app.map
#    Command line =  
#        F:\海尔\新版+8k解码+预约+去掉多余代码\project\Debug\Obj\act.o
#        F:\海尔\新版+8k解码+预约+去掉多余代码\project\Debug\Obj\afio_cfg.o
#        F:\海尔\新版+8k解码+预约+去掉多余代码\project\Debug\Obj\ARF2496K.o
#        F:\海尔\新版+8k解码+预约+去掉多余代码\project\Debug\Obj\charge.o
#        F:\海尔\新版+8k解码+预约+去掉多余代码\project\Debug\Obj\current.o
#        F:\海尔\新版+8k解码+预约+去掉多余代码\project\Debug\Obj\display.o
#        F:\海尔\新版+8k解码+预约+去掉多余代码\project\Debug\Obj\dock-avoid.o
#        F:\海尔\新版+8k解码+预约+去掉多余代码\project\Debug\Obj\dock_ir_signal.o
#        F:\海尔\新版+8k解码+预约+去掉多余代码\project\Debug\Obj\docking-new.o
#        F:\海尔\新版+8k解码+预约+去掉多余代码\project\Debug\Obj\docking-sensors.o
#        F:\海尔\新版+8k解码+预约+去掉多余代码\project\Debug\Obj\exception.o
#        F:\海尔\新版+8k解码+预约+去掉多余代码\project\Debug\Obj\exti_cfg.o
#        F:\海尔\新版+8k解码+预约+去掉多余代码\project\Debug\Obj\gpio_cfg.o
#        F:\海尔\新版+8k解码+预约+去掉多余代码\project\Debug\Obj\hardward_check.o
#        F:\海尔\新版+8k解码+预约+去掉多余代码\project\Debug\Obj\ir_decode.o
#        F:\海尔\新版+8k解码+预约+去掉多余代码\project\Debug\Obj\led_drv.o
#        F:\海尔\新版+8k解码+预约+去掉多余代码\project\Debug\Obj\lib.o
#        F:\海尔\新版+8k解码+预约+去掉多余代码\project\Debug\Obj\local_key_check.o
#        F:\海尔\新版+8k解码+预约+去掉多余代码\project\Debug\Obj\local_process.o
#        F:\海尔\新版+8k解码+预约+去掉多余代码\project\Debug\Obj\lt_bump.o
#        F:\海尔\新版+8k解码+预约+去掉多余代码\project\Debug\Obj\main.o
#        F:\海尔\新版+8k解码+预约+去掉多余代码\project\Debug\Obj\motor.o
#        F:\海尔\新版+8k解码+预约+去掉多余代码\project\Debug\Obj\remote.o
#        F:\海尔\新版+8k解码+预约+去掉多余代码\project\Debug\Obj\remote_handle.o
#        F:\海尔\新版+8k解码+预约+去掉多余代码\project\Debug\Obj\robot-battery-monitor.o
#        F:\海尔\新版+8k解码+预约+去掉多余代码\project\Debug\Obj\robot_battery.o
#        F:\海尔\新版+8k解码+预约+去掉多余代码\project\Debug\Obj\robot_brush.o
#        F:\海尔\新版+8k解码+预约+去掉多余代码\project\Debug\Obj\robot_suction.o
#        F:\海尔\新版+8k解码+预约+去掉多余代码\project\Debug\Obj\robot_univrsal_wheel.o
#        F:\海尔\新版+8k解码+预约+去掉多余代码\project\Debug\Obj\sensor.o
#        F:\海尔\新版+8k解码+预约+去掉多余代码\project\Debug\Obj\sensor_comm.o
#        F:\海尔\新版+8k解码+预约+去掉多余代码\project\Debug\Obj\SimSweep.o
#        F:\海尔\新版+8k解码+预约+去掉多余代码\project\Debug\Obj\SimSweep_demo2.o
#        F:\海尔\新版+8k解码+预约+去掉多余代码\project\Debug\Obj\SimWifi.o
#        F:\海尔\新版+8k解码+预约+去掉多余代码\project\Debug\Obj\simwifi_demo2.o
#        F:\海尔\新版+8k解码+预约+去掉多余代码\project\Debug\Obj\song-player.o
#        F:\海尔\新版+8k解码+预约+去掉多余代码\project\Debug\Obj\spi_cfg.o
#        F:\海尔\新版+8k解码+预约+去掉多余代码\project\Debug\Obj\state_view.o
#        F:\海尔\新版+8k解码+预约+去掉多余代码\project\Debug\Obj\test_cmd_handle.o
#        F:\海尔\新版+8k解码+预约+去掉多余代码\project\Debug\Obj\tm_cfg.o
#        F:\海尔\新版+8k解码+预约+去掉多余代码\project\Debug\Obj\uart_cfg.o
#        F:\海尔\新版+8k解码+预约+去掉多余代码\project\Debug\Obj\uart_queue.o
#        F:\海尔\新版+8k解码+预约+去掉多余代码\project\Debug\Obj\uart_wifi_check.o
#        F:\海尔\新版+8k解码+预约+去掉多余代码\project\Debug\Obj\ui-config.o
#        F:\海尔\新版+8k解码+预约+去掉多余代码\project\Debug\Obj\ui-manager.o
#        F:\海尔\新版+8k解码+预约+去掉多余代码\project\Debug\Obj\ui-msg-handler.o
#        F:\海尔\新版+8k解码+预约+去掉多余代码\project\Debug\Obj\virtual-wall.o
#        F:\海尔\新版+8k解码+预约+去掉多余代码\project\Debug\Obj\wall_follow_common.o
#        --redirect _Printf=_PrintfTiny --redirect _Scanf=_ScanfSmallNoMb -o
#        F:\海尔\新版+8k解码+预约+去掉多余代码\project\Debug\Exe\app.out --map
#        F:\海尔\新版+8k解码+预约+去掉多余代码\project\Debug\List\app.map
#        --config
#        F:\海尔\新版+8k解码+预约+去掉多余代码\project\Amicro_R10_flash_release.icf
#        --semihosting
#        F:\海尔\新版+8k解码+预约+去掉多余代码\project\startup\startup.a
#        F:\海尔\新版+8k解码+预约+去掉多余代码\project\..\lib\syscall_api.a
#        --entry __iar_program_start --vfe
#
###############################################################################

*******************************************************************************
*** RUNTIME MODEL ATTRIBUTES
***

CppFlavor       = *
__SystemLibrary = DLib


*******************************************************************************
*** PLACEMENT SUMMARY
***

"A1":  place at 0x0003fbf0 { section CODEINFO };
"A2":  place at 0x0003f800 { ro section .CFGINFO };
"A3":  place at 0x00033400 { ro section .appstart };
"P1":  place in [from 0x00033400 to 0x0003fbff] { ro };
"P2":  place in [from 0x2000a800 to 0x2000bfff] { rw, block CSTACK, block HEAP };

  Section             Kind        Address    Size  Object
  -------             ----        -------    ----  ------
"A3":                                        0x10
  .appstart           ro code  0x00033400    0x10  cstartup.o [7]
                             - 0x00033410    0x10

"P1", part 1 of 2:                         0x8cff
  .text               ro code  0x00033410  0x1420  docking-new.o [1]
  .text               ro code  0x00034830    0xc0  robot_brush.o [1]
  CODE                ro code  0x000348f0    0xf0  syscall_api.o [8]
  .text               ro code  0x000349e0   0x148  robot_battery.o [1]
  .text               ro code  0x00034b28     0x8  abs.o [3]
  .text               ro code  0x00034b30    0x20  srand.o [3]
  .text               ro code  0x00034b50    0xe0  rand.o [3]
  .text               ro code  0x00034c30   0x1d4  lt_bump.o [1]
  .text               ro code  0x00034e04   0x548  sensor.o [1]
  .text               ro code  0x0003534c    0x44  FltToS32.o [4]
  .text               ro code  0x00035390    0x32  I32ToFlt.o [4]
  .text               ro code  0x000353c2    0x26  zero_init3.o [7]
  .text               ro code  0x000353e8    0xe6  FltSub.o [4]
  .text               ro code  0x000354d0    0xfc  FltDiv.o [4]
  .text               ro code  0x000355cc   0x132  I64DivMod.o [5]
  .text               ro code  0x00035700   0x230  tm_cfg.o [1]
  .text               ro code  0x00035930    0x50  motor.o [1]
  .text               ro code  0x00035980   0x4c8  charge.o [1]
  .text               ro code  0x00035e48   0x158  current.o [1]
  .text               ro code  0x00035fa0   0x248  robot-battery-monitor.o [1]
  .text               ro code  0x000361e8     0x2  xtls.o [3]
  .text               ro code  0x000361ec    0x7c  sensor_comm.o [1]
  .text               ro code  0x00036268    0xd8  ui-config.o [1]
  .text               ro code  0x00036340   0x9e0  test_cmd_handle.o [1]
  .text               ro code  0x00036d20   0x188  state_view.o [1]
  .text               ro code  0x00036ea8    0x84  FltAdd.o [4]
  .text               ro code  0x00036f2c     0x2  I64DivZer.o [5]
  .text               ro code  0x00036f30    0xb0  robot_suction.o [1]
  .text               ro code  0x00036fe0    0x2c  I32ToDbl.o [4]
  .text               ro code  0x0003700c   0x1a2  DblMul.o [4]
  .text               ro code  0x000371b0   0x180  DblSub.o [4]
  .text               ro code  0x00037330   0x246  DblDiv.o [4]
  .text               ro code  0x00037578    0x4c  DblToI32.o [4]
  .text               ro code  0x000375c4   0x134  ui-manager.o [1]
  .text               ro code  0x000376f8    0x30  song-player.o [1]
  .text               ro code  0x00037728    0xd8  FltMul.o [4]
  .text               ro code  0x00037800   0xc08  act.o [1]
  .text               ro code  0x00038408   0x3b4  robot_univrsal_wheel.o [1]
  .text               ro code  0x000387bc   0x244  remote_handle.o [1]
  .text               ro code  0x00038a00    0xe8  DblAdd.o [4]
  .text               ro code  0x00038ae8    0x42  ui-msg-handler.o [1]
  .text               ro code  0x00038b2c   0xbbc  SimSweep.o [1]
  .text               ro code  0x000396e8   0x11c  local_key_check.o [1]
  .text               ro code  0x00039804    0xd4  remote.o [1]
  .text               ro code  0x000398d8    0x94  uart_wifi_check.o [1]
  .text               ro code  0x0003996c   0x198  lib.o [1]
  .text               ro code  0x00039b04   0x264  exception.o [1]
  .text               ro code  0x00039d68   0x800  SimWifi.o [1]
  .text               ro code  0x0003a568    0x24  FltCmpGe.o [4]
  .text               ro code  0x0003a58c    0x24  FltCmpLe.o [4]
  .text               ro code  0x0003a5b0     0x6  ABImemclr4.o [5]
  .text               ro code  0x0003a5b8   0x1f6  ir_decode.o [1]
  .text               ro code  0x0003a7b0    0x76  ABImemcpy_unaligned.o [5]
  .text               ro code  0x0003a828     0x6  ABImemclr.o [5]
  .text               ro code  0x0003a830    0xa8  uart_queue.o [1]
  .text               ro code  0x0003a8d8   0x18c  uart_cfg.o [1]
  .text               ro code  0x0003aa64    0x32  ABImemset48.o [5]
  .text               ro code  0x0003aa98    0x5e  ABImemset.o [5]
  .text               ro code  0x0003aaf8   0x696  wall_follow_common.o [1]
  .text               ro code  0x0003b190    0x34  floorf.o [4]
  .text               ro code  0x0003b1c4    0x4e  FltToDbl.o [4]
  .text               ro code  0x0003b214    0x90  DblToFlt.o [4]
  .text               ro code  0x0003b2a4   0x2c0  display.o [1]
  .text               ro code  0x0003b564   0x1c2  lz77_init.o [5]
  .text               ro code  0x0003b726     0x6  abort.o [3]
  .text               ro code  0x0003b72c    0x14  exit.o [6]
  .text               ro code  0x0003b740   0x198  docking-sensors.o [1]
  .text               ro code  0x0003b8d8    0xb8  dock-avoid.o [1]
  .text               ro code  0x0003b990     0x6  virtual-wall.o [1]
  .text               ro code  0x0003b998   0x134  exti_cfg.o [1]
  .rodata             const    0x0003bacc   0x130  afio_cfg.o [1]
  .text               ro code  0x0003bbfc    0xe4  local_process.o [1]
  .text               ro code  0x0003bce0    0xc8  spi_cfg.o [1]
  .text               ro code  0x0003bda8    0x7c  main.o [1]
  .text               ro code  0x0003be24    0x38  irq_syscall.o [7]
  .text               ro code  0x0003be5c    0x2a  cstartup.o [7]
  .text               ro code  0x0003be88    0x12  cmain.o [7]
  .text               ro code  0x0003be9c    0x28  data_init3.o [7]
  .iar.init_table     const    0x0003bec4    0x2c  - Linker created -
  .intvec             ro code  0x0003bef0     0x8  cstartup.o [7]
  Initializer bytes   const    0x0003bef8   0x217  <for P2 s0>
                             - 0x0003c10f  0x8cff

"A2":                                       0x2c4
  .CFGINFO            const    0x0003f800    0xd8  gpio_cfg.o [1]
  .CFGINFO            const    0x0003f8d8    0x28  gpio_cfg.o [1]
  .CFGINFO            const    0x0003f900    0x34  gpio_cfg.o [1]
  .CFGINFO            const    0x0003f934   0x190  gpio_cfg.o [1]
                             - 0x0003fac4   0x2c4

"P1", part 2 of 2:                            0x0
  .rodata             const    0x0003fac4     0x0  copy_init3.o [7]
  .rodata             const    0x0003fac4     0x0  lz77_init.o [5]

"A1":                                        0x10
  CODEINFO            ro code  0x0003fbf0    0x10  cstartup.o [7]
                             - 0x0003fc00    0x10

"P2":                                      0x1420
  P2 s0                        0x2000a800   0x6fc  <Init block>
    .data             inited   0x2000a800    0xe8  uart_queue.o [1]
    .data             inited   0x2000a8e8    0xb4  remote.o [1]
    __DLIB_PERTHREAD  inited   0x2000a99c    0x8c  rand.o [3]
    .data             inited   0x2000aa28    0x68  uart_wifi_check.o [1]
    .data             inited   0x2000aa90    0x5c  SimWifi.o [1]
    .data             inited   0x2000aaec    0x50  local_key_check.o [1]
    .data             inited   0x2000ab3c    0x3c  test_cmd_handle.o [1]
    .data             inited   0x2000ab78    0x38  remote_handle.o [1]
    .data             inited   0x2000abb0    0x38  SimWifi.o [1]
    .data             inited   0x2000abe8    0x34  charge.o [1]
    .data             inited   0x2000ac1c    0x34  SimSweep.o [1]
    .data             inited   0x2000ac50    0x30  act.o [1]
    .data             inited   0x2000ac80    0x30  robot_univrsal_wheel.o [1]
    .data             inited   0x2000acb0    0x28  robot_battery.o [1]
    .data             inited   0x2000acd8    0x20  docking-new.o [1]
    .data             inited   0x2000acf8    0x1c  SimSweep.o [1]
    .data             inited   0x2000ad14    0x18  display.o [1]
    .data             inited   0x2000ad2c    0x14  docking-sensors.o [1]
    .data             inited   0x2000ad40    0x14  docking-sensors.o [1]
    .data             inited   0x2000ad54    0x14  docking-sensors.o [1]
    .data             inited   0x2000ad68    0x14  docking-sensors.o [1]
    .data             inited   0x2000ad7c    0x14  docking-sensors.o [1]
    .data             inited   0x2000ad90    0x14  docking-sensors.o [1]
    .data             inited   0x2000ada4    0x14  docking-sensors.o [1]
    .data             inited   0x2000adb8    0x14  docking-sensors.o [1]
    .data             inited   0x2000adcc    0x14  docking-sensors.o [1]
    .data             inited   0x2000ade0    0x14  docking-sensors.o [1]
    .data             inited   0x2000adf4    0x14  docking-sensors.o [1]
    .data             inited   0x2000ae08    0x14  docking-sensors.o [1]
    .data             inited   0x2000ae1c    0x14  docking-sensors.o [1]
    .data             inited   0x2000ae30    0x14  docking-sensors.o [1]
    .data             inited   0x2000ae44    0x14  docking-sensors.o [1]
    .data             inited   0x2000ae58    0x14  docking-sensors.o [1]
    .data             inited   0x2000ae6c    0x14  docking-sensors.o [1]
    .data             inited   0x2000ae80    0x14  docking-sensors.o [1]
    .data             inited   0x2000ae94    0x14  docking-sensors.o [1]
    .data             inited   0x2000aea8    0x14  docking-sensors.o [1]
    .data             inited   0x2000aebc    0x10  SimSweep.o [1]
    .data             inited   0x2000aecc     0xc  display.o [1]
    .data             inited   0x2000aed8     0xc  docking-new.o [1]
    .data             inited   0x2000aee4     0x8  spi_cfg.o [1]
    .data             inited   0x2000aeec     0x6  robot_brush.o [1]
    .data             inited   0x2000aef2     0x1  SimWifi.o [1]
    .data             inited   0x2000aef3     0x1  song-player.o [1]
    .data             inited   0x2000aef4     0x4  local_process.o [1]
    .data             inited   0x2000aef8     0x4  robot_univrsal_wheel.o [1]
  .bss                zero     0x2000aefc   0x300  remote_handle.o [1]
  .bss                zero     0x2000b1fc   0x200  main.o [1]
  .bss                zero     0x2000b3fc    0xc8  uart_queue.o [1]
  .bss                zero     0x2000b4c4    0x80  sensor.o [1]
  .bss                zero     0x2000b544    0x80  sensor.o [1]
  .bss                zero     0x2000b5c4    0x78  lib.o [1]
  .bss                zero     0x2000b63c    0x60  SimSweep.o [1]
  .bss                zero     0x2000b69c    0x54  SimSweep.o [1]
  .bss                zero     0x2000b6f0    0x48  lib.o [1]
  .bss                zero     0x2000b738    0x44  act.o [1]
  .bss                zero     0x2000b77c    0x40  exception.o [1]
  .bss                zero     0x2000b7bc    0x40  remote.o [1]
  .bss                zero     0x2000b7fc    0x40  sensor.o [1]
  .bss                zero     0x2000b83c    0x40  sensor.o [1]
  .bss                zero     0x2000b87c    0x40  SimWifi.o [1]
  .bss                zero     0x2000b8bc    0x40  SimWifi.o [1]
  .bss                zero     0x2000b8fc    0x3c  ir_decode.o [1]
  .bss                zero     0x2000b938    0x38  sensor.o [1]
  .bss                zero     0x2000b970    0x34  sensor.o [1]
  .bss                zero     0x2000b9a4    0x2c  SimSweep.o [1]
  .bss                zero     0x2000b9d0    0x2c  test_cmd_handle.o [1]
  .bss                zero     0x2000b9fc    0x24  lt_bump.o [1]
  .bss                zero     0x2000ba20    0x24  SimSweep.o [1]
  .bss                zero     0x2000ba44    0x24  wall_follow_common.o [1]
  .bss                zero     0x2000ba68    0x22  state_view.o [1]
  .bss                zero     0x2000ba8a    0x20  current.o [1]
  .bss                zero     0x2000baaa     0x6  robot-battery-monitor.o [1]
  .bss                zero     0x2000bab0    0x20  exti_cfg.o [1]
  .bss                zero     0x2000bad0    0x20  sensor.o [1]
  .bss                zero     0x2000baf0    0x20  SimSweep.o [1]
  .bss                zero     0x2000bb10    0x1c  state_view.o [1]
  .bss                zero     0x2000bb2c    0x14  docking-new.o [1]
  .bss                zero     0x2000bb40    0x14  local_key_check.o [1]
  .bss                zero     0x2000bb54    0x14  remote_handle.o [1]
  .bss                zero     0x2000bb68    0x14  tm_cfg.o [1]
  .bss                zero     0x2000bb7c    0x12  SimSweep.o [1]
  .bss                zero     0x2000bb8e     0x6  robot_suction.o [1]
  .bss                zero     0x2000bb98    0x10  docking-new.o [1]
  .bss                zero     0x2000bba8    0x10  uart_cfg.o [1]
  .bss                zero     0x2000bbb8     0xc  dock-avoid.o [1]
  .bss                zero     0x2000bbc4     0x8  act.o [1]
  .bss                zero     0x2000bbcc     0x8  act.o [1]
  .bss                zero     0x2000bbd4     0x8  charge.o [1]
  .bss                zero     0x2000bbdc     0x8  docking-sensors.o [1]
  .bss                zero     0x2000bbe4     0x8  lib.o [1]
  .bss                zero     0x2000bbec     0x8  remote_handle.o [1]
  .bss                zero     0x2000bbf4     0x6  SimWifi.o [1]
  .bss                zero     0x2000bbfa     0x2  display.o [1]
  .bss                zero     0x2000bbfc     0x4  charge.o [1]
  .bss                zero     0x2000bc00     0x4  docking-new.o [1]
  .bss                zero     0x2000bc04     0x4  robot-battery-monitor.o [1]
  .bss                zero     0x2000bc08     0x4  uart_wifi_check.o [1]
  .bss                zero     0x2000bc0c     0x4  irq_syscall.o [7]
  .bss                zero     0x2000bc10     0x2  sensor_comm.o [1]
  .bss                zero     0x2000bc12     0x2  SimSweep.o [1]
  .bss                zero     0x2000bc14     0x2  SimSweep.o [1]
  .bss                zero     0x2000bc16     0x1  act.o [1]
  .bss                zero     0x2000bc17     0x1  act.o [1]
  .bss                zero     0x2000bc18     0x1  current.o [1]
  .bss                zero     0x2000bc19     0x1  docking-new.o [1]
  .bss                zero     0x2000bc1a     0x1  docking-new.o [1]
  .bss                zero     0x2000bc1b     0x1  lib.o [1]
  .bss                zero     0x2000bc1c     0x1  motor.o [1]
  .bss                zero     0x2000bc1d     0x1  SimSweep.o [1]
  .bss                zero     0x2000bc1e     0x1  SimWifi.o [1]
  .bss                zero     0x2000bc1f     0x1  SimWifi.o [1]
                             - 0x2000bc20  0x1420


*******************************************************************************
*** INIT TABLE
***

          Address     Size
          -------     ----
Zero (__iar_zero_init3)
    1 destination range, total size 0xd24:
          0x2000aefc  0xd24

Copy/lz77 (__iar_lz77_init3)
    1 source range, total size 0x217 (29% of destination):
          0x0003bef8  0x217
    1 destination range, total size 0x6fc:
          0x2000a800  0x6fc



*******************************************************************************
*** MODULE SUMMARY
***

    Module                   ro code  ro data  rw data
    ------                   -------  -------  -------
F:\海尔\新版+8k解码+预约+去掉多余代码\project\Debug\Obj: [1]
    SimSweep.o                 3 004       29      411
    SimWifi.o                  2 048       44      285
    act.o                      3 080       14      134
    afio_cfg.o                            304
    charge.o                   1 224       15       64
    current.o                    344                33
    display.o                    704       12       38
    dock-avoid.o                 184                12
    docking-new.o              5 152       12       86
    docking-sensors.o            408      119      408
    exception.o                  612                64
    exti_cfg.o                   308                32
    gpio_cfg.o                            708
    ir_decode.o                  502                60
    lib.o                        408               201
    local_key_check.o            284       24      100
    local_process.o              228        1        4
    lt_bump.o                    468                36
    main.o                       124               512
    motor.o                       80                 1
    remote.o                     212       54      244
    remote_handle.o              580       17      852
    robot-battery-monitor.o      584                10
    robot_battery.o              328       12       40
    robot_brush.o                192        2        6
    robot_suction.o              176                 6
    robot_univrsal_wheel.o       948       17       52
    sensor.o                   1 352               524
    sensor_comm.o                124                 2
    song-player.o                 48                 1
    spi_cfg.o                    200        3        8
    state_view.o                 392                62
    test_cmd_handle.o          2 528       18      104
    tm_cfg.o                     560                20
    uart_cfg.o                   396                16
    uart_queue.o                 168       69      432
    uart_wifi_check.o            148       31      108
    ui-config.o                  216
    ui-manager.o                 308
    ui-msg-handler.o              66
    virtual-wall.o                 6
    wall_follow_common.o       1 686                36
    --------------------------------------------------
    Total:                    30 380    1 505    5 004

command line: [2]
    --------------------------------------------------
    Total:

dl7M_tln.a: [3]
    abort.o                        6
    abs.o                          8
    rand.o                       224       42      140
    srand.o                       32
    xtls.o                         2
    --------------------------------------------------
    Total:                       272       42      140

m7M_tl.a: [4]
    DblAdd.o                     232
    DblDiv.o                     582
    DblMul.o                     418
    DblSub.o                     384
    DblToFlt.o                   144
    DblToI32.o                    76
    FltAdd.o                     132
    FltCmpGe.o                    36
    FltCmpLe.o                    36
    FltDiv.o                     252
    FltMul.o                     216
    FltSub.o                     230
    FltToDbl.o                    78
    FltToS32.o                    68
    I32ToDbl.o                    44
    I32ToFlt.o                    50
    floorf.o                      52
    --------------------------------------------------
    Total:                     3 030

rt7M_tl.a: [5]
    ABImemclr.o                    6
    ABImemclr4.o                   6
    ABImemcpy_unaligned.o        118
    ABImemset.o                   94
    ABImemset48.o                 50
    I64DivMod.o                  306
    I64DivZer.o                    2
    lz77_init.o                  450
    --------------------------------------------------
    Total:                     1 032

shb_l.a: [6]
    exit.o                        20
    --------------------------------------------------
    Total:                        20

startup.a: [7]
    cmain.o                       18
    copy_init3.o
    cstartup.o                    82
    data_init3.o                  40
    irq_syscall.o                 56                 4
    zero_init3.o                  38
    --------------------------------------------------
    Total:                       234                 4

syscall_api.a: [8]
    syscall_api.o                240
    --------------------------------------------------
    Total:                       240

    Gaps                          36                 4
    Linker created                         44
------------------------------------------------------
    Grand Total:              35 244    1 591    5 152


*******************************************************************************
*** ENTRY LIST
***

Entry                      Address   Size  Type      Object
-----                      -------   ----  ----      ------
.iar.init_table$$Base   0x0003bec4          --   Gb  - Linker created -
.iar.init_table$$Limit  0x0003bef0          --   Gb  - Linker created -
Action_0X00             0x00038b2d   0x1e  Code  Gb  SimSweep.o [1]
Action_0X01             0x00038b4b   0x1e  Code  Gb  SimSweep.o [1]
Action_0X02             0x00038b73   0x1e  Code  Gb  SimSweep.o [1]
Action_0X03             0x00038b91   0x24  Code  Gb  SimSweep.o [1]
Action_0X04             0x00038bb5   0x58  Code  Gb  SimSweep.o [1]
Action_0X05             0x00038c0d   0x94  Code  Gb  SimSweep.o [1]
Action_0X08_0X17        0x00038ca3   0x40  Code  Gb  SimSweep.o [1]
Action_0X18_0X19        0x00038dab    0x8  Code  Gb  SimSweep.o [1]
Action_0X1A             0x00038ca1    0x2  Code  Gb  SimSweep.o [1]
Action_0X20_0X21        0x00038ce3   0x3e  Code  Gb  SimSweep.o [1]
Action_0X20_0X25        0x00038d21   0x8a  Code  Gb  SimSweep.o [1]
Action_0XF1             0x00038db3   0x40  Code  Gb  SimSweep.o [1]
Action_0XF8_0XFF        0x00038df3  0x11a  Code  Gb  SimSweep.o [1]
AppInstalledFlag        0x2000aef2    0x1  Data  Gb  SimWifi.o [1]
AppTaskStk              0x2000b1fc  0x200  Data  Lc  main.o [1]
BitmapMsg               0x2000ba20   0x24  Data  Gb  SimSweep.o [1]
CodeInfo                0x0003fbf1         Code  Gb  cstartup.o [7]
DataModeFlag            0x2000abc0    0x1  Data  Gb  SimWifi.o [1]
DayDayADD1              0x00038f0d   0x32  Code  Gb  SimSweep.o [1]
DayDaySub1              0x00038f3f   0x3c  Code  Gb  SimSweep.o [1]
ExtCmdInserted          0x2000abc1    0x1  Data  Gb  SimWifi.o [1]
FrameAddSum             0x2000bbf8    0x2  Data  Gb  SimWifi.o [1]
FrameLen                0x2000bbf6    0x1  Data  Gb  SimWifi.o [1]
GetMaxDayM              0x00038f7b   0x34  Code  Gb  SimSweep.o [1]
Get_OEM_CODE            0x000394bb    0x6  Code  Gb  SimSweep.o [1]
Get_oData0_0X50_0X53    0x00038faf   0x9c  Code  Gb  SimSweep.o [1]
Get_oData10_0X90_0X97   0x000391f3   0x30  Code  Gb  SimSweep.o [1]
Get_oData11_0X98_0X9F   0x00039223   0x2c  Code  Gb  SimSweep.o [1]
Get_oData12_0XA0_0XA7   0x0003924f   0x2c  Code  Gb  SimSweep.o [1]
Get_oData13_0XA8_0XAF   0x0003928b   0x32  Code  Gb  SimSweep.o [1]
Get_oData14_0XB0_0XB7   0x000392bd   0x78  Code  Gb  SimSweep.o [1]
Get_oData15_0XB8_0XBF   0x00039335    0x6  Code  Gb  SimSweep.o [1]
Get_oData16_0XC0_0XC7   0x0003934b    0x6  Code  Gb  SimSweep.o [1]
Get_oData17_0XC8_0XCF   0x00039361  0x148  Code  Gb  SimSweep.o [1]
Get_oData1_0X58_0X5F    0x0003904b   0x30  Code  Gb  SimSweep.o [1]
Get_oData2_0X60_0X67    0x0003907b   0x30  Code  Gb  SimSweep.o [1]
Get_oData3_0X68_0X6B    0x000390ab   0x16  Code  Gb  SimSweep.o [1]
Get_oData4_0X54_0X54    0x000390c1    0x6  Code  Gb  SimSweep.o [1]
Get_oData5_0X55_0X55    0x000390c7   0x18  Code  Gb  SimSweep.o [1]
Get_oData6_0X70_0X77    0x000390df   0xe8  Code  Gb  SimSweep.o [1]
Get_oData7_0X78_0X7F    0x000391c7    0xa  Code  Gb  SimSweep.o [1]
Get_oData8_0X80_0X87    0x000391d1    0xa  Code  Gb  SimSweep.o [1]
Get_oData9_0X88_0X8F    0x000391db   0x18  Code  Gb  SimSweep.o [1]
IRQ_Usart1RxData_Process
                        0x0003a0ab   0x94  Code  Gb  SimWifi.o [1]
InStream_Read           0x0003b565   0x22  Code  Lc  lz77_init.o [5]
InsertExtCmd            0x0003a4b5   0x22  Code  Gb  SimWifi.o [1]
LeapYearFlag            0x2000bb8a    0x1  Data  Gb  SimSweep.o [1]
MapDatCount             0x2000abc9    0x1  Data  Gb  SimWifi.o [1]
MapDatFlag              0x2000abc7    0x1  Data  Gb  SimWifi.o [1]
MapFunFlag              0x2000abc8    0x1  Data  Gb  SimWifi.o [1]
Map_Sim_Index           0x2000ad0e    0x2  Data  Gb  SimSweep.o [1]
NextWorkingStatus       0x2000abc3    0x1  Data  Gb  SimWifi.o [1]
OutStream_Write         0x0003b587   0x40  Code  Lc  lz77_init.o [5]
P_RxBufWrite            0x2000bbf4    0x1  Data  Gb  SimWifi.o [1]
ProcessAPPKeySig        0x0003a179   0xc4  Code  Gb  SimWifi.o [1]
ReadData_From_UartRxBuf
                        0x0003a13f   0x3a  Code  Gb  SimWifi.o [1]
Region$$Table$$Base     0x0003bec4          --   Gb  - Linker created -
Region$$Table$$Limit    0x0003bef0          --   Gb  - Linker created -
ResetUartRxBuf          0x00039d69    0xc  Code  Gb  SimWifi.o [1]
RxPackTimeOutErrorCounter
                        0x2000abc5    0x1  Data  Gb  SimWifi.o [1]
SPI_GYRO_ID             0x2000aee8    0x4  Data  Gb  spi_cfg.o [1]
SPI_NOR_ID              0x2000aee4    0x4  Data  Gb  spi_cfg.o [1]
Sec                     0x2000bb88    0x1  Data  Gb  SimSweep.o [1]
SendAPPDisplaySigPack   0x0003a093    0x8  Code  Gb  SimWifi.o [1]
SendCmdRegPack          0x0003a081    0x6  Code  Gb  SimWifi.o [1]
SendParaSaveToWifiE2ROMPack
                        0x0003a0a3    0x8  Code  Gb  SimWifi.o [1]
SendReadAPPKeySigPack   0x0003a09b    0x8  Code  Gb  SimWifi.o [1]
SendTestNullPack        0x0003a079    0x8  Code  Gb  SimWifi.o [1]
Sim_E2ROM_OEMCode       0x2000bc12    0x2  Data  Gb  SimSweep.o [1]
Sim_oData0x70_0x8F      0x2000baf0   0x20  Data  Gb  SimSweep.o [1]
Sim_oData0x90_0xAF      0x2000b63c   0x60  Data  Gb  SimSweep.o [1]
Sim_oData0xB0_0xCF      0x2000b9a4   0x20  Data  Gb  SimSweep.o [1]
Sim_oData4              0x2000ad08    0x1  Data  Gb  SimSweep.o [1]
Status_WifiDevice       0x2000bc1d    0x1  Data  Gb  SimSweep.o [1]
StructureAPPDisplaySigPack
                        0x00039e4f  0x152  Code  Gb  SimWifi.o [1]
StructureE2ROM_ParaPack
                        0x00039fd9   0x54  Code  Gb  SimWifi.o [1]
StructureReadAPPKeySigPack
                        0x00039ddd   0x72  Code  Gb  SimWifi.o [1]
StructureTestNullPack   0x00039d75   0x2e  Code  Gb  SimWifi.o [1]
StructureWifiCmdRegPack
                        0x00039da3   0x3a  Code  Gb  SimWifi.o [1]
UART_Config_PinResetWifiCard
                        0x0003a02d   0x2c  Code  Gb  SimWifi.o [1]
UartRxBuf               0x2000b87c   0x40  Data  Gb  SimWifi.o [1]
UartTxBuf               0x2000b8bc   0x40  Data  Gb  SimWifi.o [1]
Usart1_SendHexString    0x0003a059   0x20  Code  Gb  SimWifi.o [1]
WaitingRxPackCounter    0x2000abc4    0x1  Data  Gb  SimWifi.o [1]
WfParames_p             0x2000ba60    0x4  Data  Gb  wall_follow_common.o [1]
WifiData_Period_Process
                        0x0003a2b5  0x200  Code  Gb  SimWifi.o [1]
WorkingStatus           0x2000abc2    0x1  Data  Gb  SimWifi.o [1]
_Rand_idx               0x2000a9a4    0x4  Data  Lc  rand.o [3]
_Rand_rv                0x2000a9a8   0x80  Data  Lc  rand.o [3]
_Randinit               0x2000a99c    0x1  Data  Gb  rand.o [3]
_Randseed               0x2000a9a0    0x4  Data  Gb  rand.o [3]
__aeabi_cfcmple         0x0003a58d         Code  Gb  FltCmpLe.o [4]
__aeabi_cfrcmple        0x0003a569         Code  Gb  FltCmpGe.o [4]
__aeabi_d2f             0x0003b215         Code  Gb  DblToFlt.o [4]
__aeabi_d2iz            0x00037579         Code  Gb  DblToI32.o [4]
__aeabi_dadd            0x00038a01         Code  Gb  DblAdd.o [4]
__aeabi_ddiv            0x00037331         Code  Gb  DblDiv.o [4]
__aeabi_dmul            0x0003700d         Code  Gb  DblMul.o [4]
__aeabi_dsub            0x000371b1         Code  Gb  DblSub.o [4]
__aeabi_f2d             0x0003b1c5         Code  Gb  FltToDbl.o [4]
__aeabi_f2iz            0x0003534d         Code  Gb  FltToS32.o [4]
__aeabi_fadd            0x00036ea9         Code  Gb  FltAdd.o [4]
__aeabi_fdiv            0x000354d1         Code  Gb  FltDiv.o [4]
__aeabi_fmul            0x00037729         Code  Gb  FltMul.o [4]
__aeabi_fsub            0x000353e9         Code  Gb  FltSub.o [4]
__aeabi_i2d             0x00036fe1         Code  Gb  I32ToDbl.o [4]
__aeabi_i2f             0x00035391         Code  Gb  I32ToFlt.o [4]
__aeabi_ldiv0           0x00036f2d         Code  Gb  I64DivZer.o [5]
__aeabi_ldivmod         0x000355cd         Code  Gb  I64DivMod.o [5]
__aeabi_memclr          0x0003a829         Code  Gb  ABImemclr.o [5]
__aeabi_memclr4         0x0003a5b1         Code  Gb  ABImemclr4.o [5]
__aeabi_ui2f            0x000353a5         Code  Gb  I32ToFlt.o [4]
__aeabi_uldivmod        0x00035611         Code  Gb  I64DivMod.o [5]
__cmain                 0x0003be89         Code  Gb  cmain.o [7]
__exit                  0x0003b72d   0x14  Code  Gb  exit.o [6]
__iar_Memset4_word      0x0003aa65         Code  Gb  ABImemset48.o [5]
__iar_Memset8_word      0x0003aa65         Code  Gb  ABImemset48.o [5]
__iar_Memset_word       0x0003aa99         Code  Gb  ABImemset.o [5]
__iar_SB                0x0003fac4         Data  Gb  copy_init3.o [7]
__iar_d2uiz             0x000375a5         Code  Gb  DblToI32.o [4]
__iar_dadd              0x00038a15         Code  Gb  DblAdd.o [4]
__iar_data_init3        0x0003be9d   0x28  Code  Gb  data_init3.o [7]
__iar_dlib_perthread_access
                        0x000361e9    0x2  Code  Gb  xtls.o [3]
__iar_dsub              0x000371c5         Code  Gb  DblSub.o [4]
__iar_dsubStart         0x000371d7         Code  Gb  DblSub.o [4]
__iar_fadd              0x00036eb9         Code  Gb  FltAdd.o [4]
__iar_floorf            0x0003b191         Code  Gb  floorf.o [4]
__iar_fsub              0x000353f9         Code  Gb  FltSub.o [4]
__iar_fsubStart         0x00035409         Code  Gb  FltSub.o [4]
__iar_lz77_init3        0x0003b5c7  0x160  Code  Gb  lz77_init.o [5]
__iar_program_start     0x0003be5d         Code  Gb  cstartup.o [7]
__iar_ui2d              0x00036ff5         Code  Gb  I32ToDbl.o [4]
__iar_ui2f              0x000353a9         Code  Gb  I32ToFlt.o [4]
__iar_unaligned___aeabi_memcpy
                        0x0003a7b1         Code  Gb  ABImemcpy_unaligned.o [5]
__iar_unaligned___aeabi_memcpy4
                        0x0003a7d1         Code  Gb  ABImemcpy_unaligned.o [5]
__iar_unaligned___aeabi_memcpy8
                        0x0003a7d1         Code  Gb  ABImemcpy_unaligned.o [5]
__iar_zero_init3        0x000353c3   0x26  Code  Gb  zero_init3.o [7]
_act_init               0x00037821   0x20  Code  Gb  act.o [1]
_batt_filter_init       0x2000acc8    0x1  Data  Lc  robot_battery.o [1]
_battery_cut_cnt        0x2000baaa    0x1  Data  Lc  robot-battery-monitor.o [1]
_battery_cut_continue   0x2000baae    0x2  Data  Lc  robot-battery-monitor.o [1]
_battery_low_continue   0x2000baac    0x2  Data  Lc  robot-battery-monitor.o [1]
_battery_low_continue   0x2000acc9    0x1  Data  Lc  robot_battery.o [1]
_battery_low_status     0x2000acca    0x1  Data  Lc  robot_battery.o [1]
_battery_status         0x2000acb0   0x10  Data  Lc  robot_battery.o [1]
_battery_voltage        0x2000acd4    0x4  Data  Lc  robot_battery.o [1]
_charge_update          0x000349f9   0x88  Code  Lc  robot_battery.o [1]
_display_init           0x0003b2d5    0x2  Code  Gb  display.o [1]
_key_init               0x0003971b   0x22  Code  Gb  local_key_check.o [1]
_remote_init            0x00039805   0x2a  Code  Gb  remote.o [1]
abort                   0x0003b727    0x6  Code  Gb  abort.o [3]
abs                     0x00034b29    0x8  Code  Gb  abs.o [3]
act_command_q           0x0003996d   0x3a  Code  Gb  lib.o [1]
act_ctrl_cmd            0x0003493d         Code  Gb  syscall_api.o [8]
act_routine             0x00037967   0x84  Code  Gb  act.o [1]
adcCache                0x2000b970   0x34  Data  Lc  sensor.o [1]
adc_afio                0x0003bacc   0x18  Data  Gb  afio_cfg.o [1]
adc_chan_table          0x0003f900   0x34  Data  Gb  gpio_cfg.o [1]
afio_table              0x0003f800   0xd8  Data  Gb  gpio_cfg.o [1]
allow_self_test         0x2000ac62    0x1  Data  Gb  act.o [1]
avoid_dock_abort_flag   0x2000aedf    0x1  Data  Lc  docking-new.o [1]
battery_is_low          0x00034b07    0x6  Code  Gb  robot_battery.o [1]
battery_line_current    0x2000ba92    0x2  Data  Gb  current.o [1]
battery_switch_check    0x00034b0d   0x14  Code  Gb  robot_battery.o [1]
battery_temperature     0x2000ba98    0x2  Data  Gb  current.o [1]
battery_temperature_average
                        0x00035f33    0x6  Code  Gb  current.o [1]
battery_temperature_get
                        0x00035f45   0x48  Code  Gb  current.o [1]
battery_voltage         0x2000ba96    0x2  Data  Gb  current.o [1]
battery_voltage_average
                        0x00035f2d    0x6  Code  Gb  current.o [1]
before_charging_volt    0x2000abf8    0x2  Data  Gb  charge.o [1]
begin_charge_report     0x2000abeb    0x1  Data  Lc  charge.o [1]
begin_monitor           0x2000ac81    0x1  Data  Lc  robot_univrsal_wheel.o [1]
board_key               0x2000ac64    0x1  Data  Lc  act.o [1]
bump_state              0x2000b9d0    0x1  Data  Lc  test_cmd_handle.o [1]
bumper_bump_count       0x2000b798    0x2  Data  Lc  exception.o [1]
buoy_left               0x0003b757   0x14  Code  Gb  docking-sensors.o [1]
buoy_right              0x0003b76b   0x14  Code  Gb  docking-sensors.o [1]
calc_cur_duty           0x00035931   0x18  Code  Gb  motor.o [1]
calc_electricity        0x0003a23d   0x60  Code  Gb  SimWifi.o [1]
calculate_wheel_speed   0x0003ace5  0x118  Code  Gb  wall_follow_common.o [1]
capture_counter         0x2000ab80    0x8  Data  Gb  remote_handle.o [1]
charge_current_get      0x00035a95   0x10  Code  Gb  charge.o [1]
charge_maybe_full       0x000349cd         Code  Gb  syscall_api.o [8]
charge_neg_cnt          0x2000bbd4    0x2  Data  Gb  charge.o [1]
charge_overflow         0x2000abe9    0x1  Data  Gb  charge.o [1]
charge_pwm_id           0x2000bb74    0x4  Data  Gb  tm_cfg.o [1]
charge_stop_cnt         0x2000bbd8    0x4  Data  Gb  charge.o [1]
charge_voltage_adc      0x2000aac0   0x2c  Data  Gb  SimWifi.o [1]
chargerDetect           0x2000acc0    0x8  Data  Gb  robot_battery.o [1]
charger_pwm_handler     0x00035701    0x2  Code  Gb  tm_cfg.o [1]
charging_current_setpoint
                        0x2000abf6    0x2  Data  Gb  charge.o [1]
charging_detect         0x00034af3   0x14  Code  Gb  robot_battery.o [1]
charging_dock           0x00035dc9   0x12  Code  Gb  charge.o [1]
charging_error          0x2000abe8    0x1  Data  Gb  charge.o [1]
charging_init           0x00035a67   0x28  Code  Gb  charge.o [1]
charging_jack           0x00035d8d    0xc  Code  Gb  charge.o [1]
charging_on_counts      0x2000ac14    0x4  Data  Gb  charge.o [1]
charging_print          0x000359d7   0x90  Code  Gb  charge.o [1]
charging_start_complete_minutes
                        0x2000ac0c    0x4  Data  Gb  charge.o [1]
charging_start_full_minutes
                        0x2000ac00    0x4  Data  Gb  charge.o [1]
charging_start_recover_minutes
                        0x2000abfc    0x4  Data  Gb  charge.o [1]
charging_state          0x2000abf2    0x2  Data  Gb  charge.o [1]
charging_state_get      0x00035a8f    0x6  Code  Gb  charge.o [1]
charging_trickle_on_counts
                        0x2000ac10    0x4  Data  Gb  charge.o [1]
charging_trickle_ticks  0x2000ac08    0x4  Data  Gb  charge.o [1]
charging_trickle_timeout
                        0x2000ac04    0x4  Data  Gb  charge.o [1]
charging_vol_count      0x2000abee    0x2  Data  Gb  charge.o [1]
check_battery_voltage   0x00035f39    0xc  Code  Gb  current.o [1]
check_center_left_focus_beacon
                        0x0003b7db   0x14  Code  Gb  docking-sensors.o [1]
check_center_right_focus_beacon
                        0x0003b7ef   0x16  Code  Gb  docking-sensors.o [1]
check_left_midright     0x0003b845    0x6  Code  Gb  docking-sensors.o [1]
check_left_right_beacon
                        0x0003b80f   0x16  Code  Gb  docking-sensors.o [1]
check_midleft_near_dock
                        0x0003b7d7    0x4  Code  Gb  docking-sensors.o [1]
check_near_dock         0x0003b77f   0x34  Code  Gb  docking-sensors.o [1]
check_near_dock_1       0x0003b7b3   0x24  Code  Gb  docking-sensors.o [1]
check_recently_center_left_focus
                        0x0003b869    0xe  Code  Gb  docking-sensors.o [1]
check_recently_center_right_focus
                        0x0003b877    0xe  Code  Gb  docking-sensors.o [1]
check_recently_follow_left_force_field
                        0x0003b865    0x4  Code  Gb  docking-sensors.o [1]
check_recently_follow_right_force_field
                        0x0003b861    0x4  Code  Gb  docking-sensors.o [1]
check_recently_left_backleft
                        0x0003b851    0x4  Code  Gb  docking-sensors.o [1]
check_recently_left_backright
                        0x0003b85d    0x4  Code  Gb  docking-sensors.o [1]
check_recently_left_left
                        0x0003b825    0x4  Code  Gb  docking-sensors.o [1]
check_recently_left_midleft
                        0x0003b839    0x4  Code  Gb  docking-sensors.o [1]
check_recently_left_right
                        0x0003b82d    0x4  Code  Gb  docking-sensors.o [1]
check_recently_right_backleft
                        0x0003b859    0x4  Code  Gb  docking-sensors.o [1]
check_recently_right_backright
                        0x0003b855    0x4  Code  Gb  docking-sensors.o [1]
check_recently_right_left
                        0x0003b831    0x4  Code  Gb  docking-sensors.o [1]
check_recently_right_midright
                        0x0003b835    0x4  Code  Gb  docking-sensors.o [1]
check_recently_right_right
                        0x0003b829    0x4  Code  Gb  docking-sensors.o [1]
check_right_midleft     0x0003b83d    0x8  Code  Gb  docking-sensors.o [1]
chipid_read             0x000349df         Code  Gb  syscall_api.o [8]
clean_index             0x2000bc17    0x1  Data  Gb  act.o [1]
clean_pause_flag        0x2000ac66    0x1  Data  Gb  act.o [1]
cleaning_complete_handle
                        0x000381d3   0x22  Code  Gb  act.o [1]
clear_debouncer         0x000349a5         Code  Gb  syscall_api.o [8]
clear_map_index         0x00039545    0x8  Code  Gb  SimSweep.o [1]
clear_ui_error_number   0x00039b05    0x8  Code  Gb  exception.o [1]
cliff_filter            0x2000b958    0x8  Data  Lc  sensor.o [1]
cliff_index_off         0x2000b801    0x1  Data  Gb  sensor.o [1]
cliff_index_on          0x2000b800    0x1  Data  Gb  sensor.o [1]
cliff_onoff_swith       0x2000b805    0x1  Data  Lc  sensor.o [1]
cmd_stasis_test         0x2000b9d3    0x1  Data  Lc  test_cmd_handle.o [1]
comlete_charged         0x2000abea    0x1  Data  Gb  charge.o [1]
convert_to_adc          0x0003a2a3    0xe  Code  Gb  SimWifi.o [1]
convert_to_current      0x0003598d   0x4a  Code  Gb  charge.o [1]
convert_to_voltage      0x00035981    0xc  Code  Gb  charge.o [1]
correct_target_heading  0x2000bba0    0x8  Data  Lc  docking-new.o [1]
cur_duty                0x2000bb90    0x2  Data  Gb  robot_suction.o [1]
current_dock_behavior   0x0003499f         Code  Gb  syscall_api.o [8]
current_filter_routine  0x00035e49   0xb6  Code  Gb  current.o [1]
current_ir_code         0x2000bb54    0x1  Data  Gb  remote_handle.o [1]
cycle_check_function    0x0003ab69   0xf2  Code  Gb  wall_follow_common.o [1]
dac_afio                0x0003bbbc    0x8  Data  Gb  afio_cfg.o [1]
data_length             0x2000ab90    0x8  Data  Lc  remote_handle.o [1]
data_length             0x2000a810    0x8  Data  Gb  uart_queue.o [1]
day                     0x2000bb85    0x1  Data  Gb  SimSweep.o [1]
debug_uart_handler      0x0003a8d9    0xe  Code  Gb  uart_cfg.o [1]
delayus                 0x00036091    0x2  Code  Gb  robot-battery-monitor.o [1]
direction_key_pause     0x2000bbcd    0x1  Data  Gb  act.o [1]
direction_key_recover_handle
                        0x00038179   0x5a  Code  Gb  act.o [1]
direction_key_up_flag   0x2000bbcc    0x1  Data  Gb  act.o [1]
display_gpio_init       0x0003b2a5   0x30  Code  Gb  display.o [1]
display_power_up        0x0003b35d   0x8e  Code  Gb  display.o [1]
display_power_up_flag   0x2000ad24    0x1  Data  Gb  display.o [1]
display_routine         0x0003b465   0xcc  Code  Gb  display.o [1]
display_testing         0x0003b451   0x14  Code  Gb  display.o [1]
display_wifi_led        0x0003b3ed   0x64  Code  Gb  display.o [1]
dock_avoid_active       0x0003b925   0x26  Code  Gb  dock-avoid.o [1]
dock_avoid_data         0x2000bbbc    0x8  Data  Lc  dock-avoid.o [1]
dock_avoid_get_signals  0x0003b8d9   0x4c  Code  Gb  dock-avoid.o [1]
dock_avoid_signal_quality
                        0x0003b94b   0x16  Code  Gb  dock-avoid.o [1]
dock_binocular_avoid_signal_quality
                        0x0003b965   0x18  Code  Gb  dock-avoid.o [1]
dock_config             0x2000bb2c   0x14  Data  Lc  docking-new.o [1]
dock_core_disable       0x00034993         Code  Gb  syscall_api.o [8]
dock_core_enable        0x00034991         Code  Gb  syscall_api.o [8]
dock_correct_register   0x00033ad9   0x26  Code  Gb  docking-new.o [1]
dock_get_random_count   0x00034595   0x56  Code  Gb  docking-new.o [1]
dock_is_enable          0x00034987         Code  Gb  syscall_api.o [8]
dock_left_register      0x00033983   0x18  Code  Gb  docking-new.o [1]
dock_new_end            0x00034729   0x3e  Code  Gb  docking-new.o [1]
dock_new_init           0x00034609   0xec  Code  Gb  docking-new.o [1]
dock_new_start          0x000346f5   0x34  Code  Gb  docking-new.o [1]
dock_right_register     0x000338a7   0x18  Code  Gb  docking-new.o [1]
dock_signals            0x2000bbdc    0x8  Data  Gb  docking-sensors.o [1]
dock_success_register   0x00033539   0x26  Code  Gb  docking-new.o [1]
docking_bounce          0x00033571   0xe0  Code  Gb  docking-new.o [1]
docking_bounce_abort    0x2000bc1a    0x1  Data  Lc  docking-new.o [1]
docking_bounce_abort_code
                        0x0003356b    0x6  Code  Gb  docking-new.o [1]
docking_bounce_abort_when
                        0x0003355f    0x4  Code  Gb  docking-new.o [1]
docking_bounce_register
                        0x000336b9   0x24  Code  Gb  docking-new.o [1]
docking_bounce_start_when
                        0x00033683   0x36  Code  Gb  docking-new.o [1]
docking_correct         0x00033a49   0x58  Code  Gb  docking-new.o [1]
docking_correct_abort   0x2000bb99    0x1  Data  Lc  docking-new.o [1]
docking_correct_abort_code
                        0x00033a27    0x6  Code  Gb  docking-new.o [1]
docking_correct_abort_when
                        0x00033a2d   0x1c  Code  Gb  docking-new.o [1]
docking_correct_direction
                        0x2000bb98    0x1  Data  Lc  docking-new.o [1]
docking_correct_start_when
                        0x00033aa1   0x38  Code  Gb  docking-new.o [1]
docking_go_forward      0x0003399b   0x2a  Code  Gb  docking-new.o [1]
docking_go_forward_register
                        0x000339f7   0x18  Code  Gb  docking-new.o [1]
docking_go_forward_run_when
                        0x000339c5   0x32  Code  Gb  docking-new.o [1]
docking_left            0x000338bf   0x6a  Code  Gb  docking-new.o [1]
docking_left_run_when   0x0003395d   0x26  Code  Gb  docking-new.o [1]
docking_line            0x00033b11  0x14a  Code  Gb  docking-new.o [1]
docking_line_bounce     0x000336f9   0x60  Code  Gb  docking-new.o [1]
docking_line_bounce_abort
                        0x2000bc00    0x1  Data  Lc  docking-new.o [1]
docking_line_bounce_abort_code
                        0x000336ef    0x4  Code  Gb  docking-new.o [1]
docking_line_bounce_abort_when
                        0x000336e9    0x6  Code  Gb  docking-new.o [1]
docking_line_bounce_angle
                        0x2000bc02    0x2  Data  Lc  docking-new.o [1]
docking_line_bounce_register
                        0x000337cd   0x26  Code  Gb  docking-new.o [1]
docking_line_bounce_start_when
                        0x00033759   0x74  Code  Gb  docking-new.o [1]
docking_line_register   0x00033cb9   0x18  Code  Gb  docking-new.o [1]
docking_line_run_when   0x00033cb5    0x4  Code  Gb  docking-new.o [1]
docking_right           0x000337f3   0x72  Code  Gb  docking-new.o [1]
docking_right_run_when  0x00033881   0x26  Code  Gb  docking-new.o [1]
docking_state           0x2000acd8   0x20  Data  Lc  docking-new.o [1]
docking_success         0x0003342d   0xf4  Code  Gb  docking-new.o [1]
docking_success_abort   0x2000bc19    0x1  Data  Lc  docking-new.o [1]
docking_success_abort_code
                        0x0003341d   0x10  Code  Gb  docking-new.o [1]
docking_success_abort_when
                        0x00033417    0x6  Code  Gb  docking-new.o [1]
docking_success_start_when
                        0x00033521   0x18  Code  Gb  docking-new.o [1]
enter_sleep_state       0x2000bc16    0x1  Data  Lc  act.o [1]
exception_handle        0x00039ce7   0x66  Code  Gb  exception.o [1]
exit_wakeup_cfg         0x0003b99b   0x24  Code  Gb  exti_cfg.o [1]
ext_act_handle          0x000378a1   0xc6  Code  Gb  act.o [1]
feed_watchdog           0x0003bc25   0x12  Code  Gb  local_process.o [1]
fg_RXFrame              0x2000bbf5    0x1  Data  Gb  SimWifi.o [1]
find_middle_abort_code  0x00033e29    0x4  Code  Gb  docking-new.o [1]
find_middle_abort_when  0x00033e1f    0xa  Code  Gb  docking-new.o [1]
find_middle_start_when  0x00033da7   0x78  Code  Gb  docking-new.o [1]
findmiddle_abort_flag   0x2000aed9    0x1  Data  Lc  docking-new.o [1]
findmiddle_flag         0x2000aeda    0x1  Data  Lc  docking-new.o [1]
fine_middle             0x00033cd1   0xba  Code  Gb  docking-new.o [1]
fine_middle_register    0x00033e33   0x26  Code  Gb  docking-new.o [1]
flag                    0x2000abc6    0x1  Data  Gb  SimWifi.o [1]
floorf                  0x0003b191         Code  Gb  floorf.o [4]
follow_wall_run         0x0003adfd   0xa6  Code  Gb  wall_follow_common.o [1]
forbit_sys_handle_rebound
                        0x000349b5         Code  Gb  syscall_api.o [8]
force_field             0x0003b741   0x16  Code  Gb  docking-sensors.o [1]
free                    0x0003493b         Code  Gb  syscall_api.o [8]
front_time_stp          0x2000ba08    0x4  Data  Lc  lt_bump.o [1]
fullgo_cnt              0x2000ac72    0x2  Data  Lc  act.o [1]
g_comlete_charging      0x2000abf0    0x2  Data  Gb  charge.o [1]
g_error_id              0x2000b77c    0x1  Data  Lc  exception.o [1]
g_sensor_start_gather   0x2000bc10    0x1  Data  Lc  sensor_comm.o [1]
g_static_voltage        0x2000abfa    0x2  Data  Gb  charge.o [1]
get_adc_chan_val        0x000349cf         Code  Gb  syscall_api.o [8]
get_bat_level           0x0003a29d    0x6  Code  Gb  SimWifi.o [1]
get_bat_temp            0x00036391   0x32  Code  Gb  test_cmd_handle.o [1]
get_bump_state          0x0003497b         Code  Gb  syscall_api.o [8]
get_charge_stop_current
                        0x00035aa5   0x4c  Code  Lc  charge.o [1]
get_charging_state      0x0003498b         Code  Gb  syscall_api.o [8]
get_cliff_state         0x00034979         Code  Gb  syscall_api.o [8]
get_clocktime_days      0x000349c1         Code  Gb  syscall_api.o [8]
get_clocktime_hours     0x000349bb         Code  Gb  syscall_api.o [8]
get_clocktime_minutes   0x000349b9         Code  Gb  syscall_api.o [8]
get_clocktime_seconds   0x000349b7         Code  Gb  syscall_api.o [8]
get_commanded_speeds    0x000349dd         Code  Gb  syscall_api.o [8]
get_dock_config         0x00033411    0x6  Code  Gb  docking-new.o [1]
get_enter_sleep_state   0x00037811    0x8  Code  Gb  act.o [1]
get_gyro_angle          0x00034989         Code  Gb  syscall_api.o [8]
get_gyro_radian         0x0003498f         Code  Gb  syscall_api.o [8]
get_ir_local            0x00038991   0x14  Code  Gb  remote_handle.o [1]
get_ir_state            0x000398cb    0x4  Code  Gb  remote.o [1]
get_ir_test             0x000389a5    0xc  Code  Gb  remote_handle.o [1]
get_irq_syscall         0x00034951         Code  Gb  syscall_api.o [8]
get_key_state           0x000397e3    0x4  Code  Gb  local_key_check.o [1]
get_local_ui_config     0x00036271    0x6  Code  Gb  ui-config.o [1]
get_main_software_version
                        0x000349d9         Code  Gb  syscall_api.o [8]
get_motor_speeds        0x00034975         Code  Gb  syscall_api.o [8]
get_random              0x000349a7         Code  Gb  syscall_api.o [8]
get_reset_wifi_flag     0x0003a527    0x6  Code  Gb  SimWifi.o [1]
get_schedule_info       0x000399c5    0x4  Code  Gb  lib.o [1]
get_songplayer_onoff    0x0003771f    0x6  Code  Gb  song-player.o [1]
get_sum_ticks           0x000349bf         Code  Gb  syscall_api.o [8]
get_test_result         0x00036a31  0x106  Code  Gb  test_cmd_handle.o [1]
get_total_seconds       0x000349bd         Code  Gb  syscall_api.o [8]
get_uart_cmd            0x0003953b    0xa  Code  Gb  SimSweep.o [1]
get_ui_config           0x0003626b    0x6  Code  Gb  ui-config.o [1]
get_ui_manager          0x000375c5    0x6  Code  Gb  ui-manager.o [1]
get_ui_state            0x00037801    0x8  Code  Gb  act.o [1]
get_wifi_uart_cmd_state
                        0x0003995f    0x4  Code  Gb  uart_wifi_check.o [1]
go_forward_flag         0x2000aed8    0x1  Data  Lc  docking-new.o [1]
go_into_trickle_charging
                        0x00035afb   0x26  Code  Lc  charge.o [1]
goto_sleep_cnt          0x2000ac6e    0x2  Data  Lc  act.o [1]
gpio0_afio              0x0003bbc4    0x8  Data  Gb  afio_cfg.o [1]
gpio1_afio              0x0003bbcc    0x8  Data  Gb  afio_cfg.o [1]
gpio2_afio              0x0003bbd4    0x8  Data  Gb  afio_cfg.o [1]
gpio3_afio              0x0003bbdc    0x8  Data  Gb  afio_cfg.o [1]
gpio4_afio              0x0003bbe4    0x8  Data  Gb  afio_cfg.o [1]
gpio5_afio              0x0003bbec    0x8  Data  Gb  afio_cfg.o [1]
gpio6_afio              0x0003bbf4    0x8  Data  Gb  afio_cfg.o [1]
gptm0_afio              0x0003bb84   0x10  Data  Gb  afio_cfg.o [1]
gptm1_afio              0x0003bb94   0x10  Data  Gb  afio_cfg.o [1]
gptm2_afio              0x0003bba4    0x8  Data  Gb  afio_cfg.o [1]
gtm0_id                 0x2000bb68    0x4  Data  Gb  tm_cfg.o [1]
gtm1_id                 0x2000bb6c    0x4  Data  Gb  tm_cfg.o [1]
gtm2_id                 0x2000bb70    0x4  Data  Gb  tm_cfg.o [1]
gyro_is_ok              0x000349db         Code  Gb  syscall_api.o [8]
gyro_radian_diff_f      0x0003aaf9   0x70  Code  Gb  wall_follow_common.o [1]
hal_isr                 0x00035247   0x12  Code  Gb  sensor.o [1]
handle_act              0x00038065   0xde  Code  Gb  act.o [1]
handle_act_charging     0x00037e31   0xb8  Code  Gb  act.o [1]
handle_act_common       0x00037f6b   0xf2  Code  Gb  act.o [1]
handle_act_docking      0x00037db5   0x74  Code  Gb  act.o [1]
handle_act_fullgo       0x00037f2f   0x2e  Code  Gb  act.o [1]
handle_act_pausing      0x00037b1f   0xa0  Code  Gb  act.o [1]
handle_act_running      0x00037a79   0x9c  Code  Gb  act.o [1]
handle_act_spotting     0x00037be5   0xb6  Code  Gb  act.o [1]
handle_act_testing      0x00037ef3   0x24  Code  Gb  act.o [1]
handle_act_ui_error     0x00037f17   0x18  Code  Gb  act.o [1]
handle_act_waiting      0x000379eb   0x80  Code  Gb  act.o [1]
handle_act_wall_following
                        0x00037cd5   0x9c  Code  Gb  act.o [1]
handle_remote           0x00039839   0x92  Code  Lc  remote.o [1]
handle_test_cmd         0x000363c3  0x59c  Code  Gb  test_cmd_handle.o [1]
history_cnt             0x2000b9c8    0x2  Data  Gb  SimSweep.o [1]
history_index           0x2000b9c6    0x2  Data  Gb  SimSweep.o [1]
hour                    0x2000bb86    0x1  Data  Gb  SimSweep.o [1]
i2c0_afio               0x0003bb44    0x8  Data  Gb  afio_cfg.o [1]
i2c1_afio               0x0003bb4c    0x8  Data  Gb  afio_cfg.o [1]
in_cycle_go_forward_sig
                        0x2000ba5e    0x1  Data  Gb  wall_follow_common.o [1]
init_irq_syscall        0x0003be25   0x38  Code  Gb  irq_syscall.o [7]
init_time               0x2000bb8b    0x1  Data  Lc  SimSweep.o [1]
init_wifi_module        0x0003a4d7   0x2a  Code  Gb  SimWifi.o [1]
initialized             0x2000bc18    0x1  Data  Lc  current.o [1]
initialized             0x2000bc1c    0x1  Data  Gb  motor.o [1]
io_init_table           0x0003f934  0x190  Data  Gb  gpio_cfg.o [1]
io_table                0x0003f8d8   0x28  Data  Gb  gpio_cfg.o [1]
ir_afio                 0x0003bbac    0x8  Data  Gb  afio_cfg.o [1]
ir_gpio                 0x2000ab98   0x18  Data  Gb  remote_handle.o [1]
ir_gpio_init            0x000387bd   0x34  Code  Gb  remote_handle.o [1]
ir_key                  0x2000ac65    0x1  Data  Lc  act.o [1]
ir_press_off            0x2000b7dc   0x20  Data  Lc  remote.o [1]
ir_press_on             0x2000b7bc   0x20  Data  Lc  remote.o [1]
ir_press_state          0x2000a8e8   0xb4  Data  Lc  remote.o [1]
ir_rx_capture_4khz      0x000388c9   0x54  Code  Gb  remote_handle.o [1]
ir_rx_decode            0x0003891d   0x68  Code  Gb  remote_handle.o [1]
ir_rx_init              0x000387f1   0x68  Code  Gb  remote_handle.o [1]
ir_rx_q_empty           0x000388a7   0x10  Code  Gb  remote_handle.o [1]
ir_rx_q_full            0x000388b7   0x12  Code  Gb  remote_handle.o [1]
ir_rx_q_get             0x0003887f   0x28  Code  Gb  remote_handle.o [1]
ir_rx_q_put             0x00038859   0x26  Code  Gb  remote_handle.o [1]
ir_test_all_result      0x000369e5   0x4c  Code  Gb  test_cmd_handle.o [1]
ir_test_result          0x0003699d   0x48  Code  Gb  test_cmd_handle.o [1]
ir_val                  0x2000bb58    0x8  Data  Lc  remote_handle.o [1]
ir_val_test             0x2000bb60    0x8  Data  Lc  remote_handle.o [1]
key_check               0x2000bc08    0x4  Data  Lc  uart_wifi_check.o [1]
key_ir_p                0x2000ac78    0x4  Data  Lc  act.o [1]
key_press_off           0x2000bb40    0x8  Data  Lc  local_key_check.o [1]
key_press_on            0x2000bb48    0xc  Data  Lc  local_key_check.o [1]
key_press_state         0x2000aaec   0x50  Data  Lc  local_key_check.o [1]
key_routine             0x0003973d   0xa6  Code  Gb  local_key_check.o [1]
key_single_init         0x000396e9   0x32  Code  Gb  local_key_check.o [1]
key_state_p             0x2000ac74    0x4  Data  Lc  act.o [1]
last_battery_line_current
                        0x2000baa2    0x2  Data  Gb  current.o [1]
last_battery_temperature
                        0x2000baa8    0x2  Data  Gb  current.o [1]
last_battery_voltage    0x2000baa6    0x2  Data  Gb  current.o [1]
last_dock_behavior      0x0003499d         Code  Gb  syscall_api.o [8]
last_flush_state        0x2000ad25    0x1  Data  Gb  display.o [1]
last_left_motor_current
                        0x2000ba9e    0x2  Data  Gb  current.o [1]
last_main_brush_current
                        0x2000ba9a    0x2  Data  Gb  current.o [1]
last_right_motor_current
                        0x2000baa0    0x2  Data  Gb  current.o [1]
last_side_brush_current
                        0x2000ba9c    0x2  Data  Gb  current.o [1]
last_state              0x2000ac6b    0x1  Data  Gb  act.o [1]
last_vaccum_motor_current
                        0x2000baa4    0x2  Data  Gb  current.o [1]
led_afio                0x0003bbb4    0x8  Data  Gb  afio_cfg.o [1]
led_gpio_group          0x2000aecc    0xc  Data  Gb  display.o [1]
left_motor_current      0x2000ba8e    0x2  Data  Gb  current.o [1]
light_index_off         0x2000b7fe    0x2  Data  Gb  sensor.o [1]
light_index_on          0x2000b7fc    0x2  Data  Gb  sensor.o [1]
local_app_init          0x0003bc37   0x50  Code  Gb  local_process.o [1]
lock_irq                0x000348f1         Code  Gb  syscall_api.o [8]
lt_onoff_swith          0x2000b804    0x1  Data  Lc  sensor.o [1]
main                    0x0003bda9   0x4c  Code  Gb  main.o [1]
main_app_task           0x0003bc99   0x48  Code  Gb  local_process.o [1]
main_brush_current      0x2000ba8a    0x2  Data  Gb  current.o [1]
main_brush_current_is_stall
                        0x00039b0d   0x16  Code  Gb  exception.o [1]
main_brush_current_over_count
                        0x2000b790    0x2  Data  Lc  exception.o [1]
main_brush_voltage      0x2000aeee    0x2  Data  Lc  robot_brush.o [1]
malloc                  0x00034939         Code  Gb  syscall_api.o [8]
map_points_data         0x2000b69c   0x54  Data  Lc  SimSweep.o [1]
mctm0_afio              0x0003bb6c    0x8  Data  Gb  afio_cfg.o [1]
mctm1_afio              0x0003bb74   0x10  Data  Gb  afio_cfg.o [1]
memcpy                  0x00034933         Code  Gb  syscall_api.o [8]
memmove                 0x00034937         Code  Gb  syscall_api.o [8]
memset                  0x00034935         Code  Gb  syscall_api.o [8]
mid_filter              0x000361ed   0x2a  Code  Gb  sensor_comm.o [1]
midbrush_off            0x2000aeed    0x1  Data  Lc  robot_brush.o [1]
min                     0x2000bb87    0x1  Data  Gb  SimSweep.o [1]
mon                     0x2000bb84    0x1  Data  Gb  SimSweep.o [1]
motor_encode_get        0x000349d7         Code  Gb  syscall_api.o [8]
my_time                 0x2000bb20    0x2  Data  Gb  state_view.o [1]
now_electricity         0x2000aa90    0x1  Data  Lc  SimWifi.o [1]
obj_schedule_info_msg_t
                        0x2000b600   0x3c  Data  Gb  lib.o [1]
other_motor_test        0x2000b9d2    0x1  Data  Lc  test_cmd_handle.o [1]
pid_afio                0x0003bb54   0x18  Data  Gb  afio_cfg.o [1]
play_err_cnt            0x2000b79a    0x2  Data  Lc  exception.o [1]
play_err_num            0x2000b79c    0x2  Data  Lc  exception.o [1]
play_song_cnt           0x2000ac18    0x4  Data  Lc  charge.o [1]
play_song_flag          0x2000abec    0x1  Data  Lc  charge.o [1]
port_state              0x2000aefc  0x300  Data  Gb  remote_handle.o [1]
powerup_wifi_module     0x0003a501   0x16  Code  Gb  SimWifi.o [1]
process_charging        0x00035b21  0x20e  Code  Gb  charge.o [1]
pthread_change_prio     0x000348fb         Code  Gb  syscall_api.o [8]
pthread_create          0x000348f5         Code  Gb  syscall_api.o [8]
pthread_delete          0x000348f7         Code  Gb  syscall_api.o [8]
pthread_delete_req      0x000348f9         Code  Gb  syscall_api.o [8]
pthread_query           0x00034901         Code  Gb  syscall_api.o [8]
pthread_resume          0x000348fd         Code  Gb  syscall_api.o [8]
pthread_sched_lock      0x0003490b         Code  Gb  syscall_api.o [8]
pthread_sched_unlock    0x0003490d         Code  Gb  syscall_api.o [8]
pthread_suspend         0x000348ff         Code  Gb  syscall_api.o [8]
pthread_wakeup          0x00034905         Code  Gb  syscall_api.o [8]
pwm_voltage             0x2000bb92    0x2  Data  Gb  robot_suction.o [1]
queue_len               0x2000a818    0x8  Data  Gb  uart_queue.o [1]
quit_charging           0x00035d59   0x34  Code  Gb  charge.o [1]
rand                    0x00034b51   0xe0  Code  Gb  rand.o [3]
read_ptr                0x2000bbec    0x8  Data  Lc  remote_handle.o [1]
read_ptr                0x2000a808    0x8  Data  Gb  uart_queue.o [1]
recently_center_left_focus
                        0x2000ad54   0x14  Data  Gb  docking-sensors.o [1]
recently_center_right_focus
                        0x2000ad68   0x14  Data  Gb  docking-sensors.o [1]
recently_follow_left_force_field
                        0x2000aea8   0x14  Data  Gb  docking-sensors.o [1]
recently_follow_right_force_field
                        0x2000ae94   0x14  Data  Gb  docking-sensors.o [1]
recently_left_backleft  0x2000adf4   0x14  Data  Gb  docking-sensors.o [1]
recently_left_backright
                        0x2000ae30   0x14  Data  Gb  docking-sensors.o [1]
recently_left_left      0x2000ad7c   0x14  Data  Gb  docking-sensors.o [1]
recently_left_midleft   0x2000ade0   0x14  Data  Gb  docking-sensors.o [1]
recently_left_midright  0x2000ada4   0x14  Data  Gb  docking-sensors.o [1]
recently_left_right     0x2000ae44   0x14  Data  Gb  docking-sensors.o [1]
recently_left_right_near_dock
                        0x2000ae80   0x14  Data  Gb  docking-sensors.o [1]
recently_midleft_near_dock
                        0x2000ae6c   0x14  Data  Gb  docking-sensors.o [1]
recently_near_dock      0x2000ad2c   0x14  Data  Gb  docking-sensors.o [1]
recently_near_dock_1    0x2000ad40   0x14  Data  Gb  docking-sensors.o [1]
recently_right_backleft
                        0x2000ae1c   0x14  Data  Gb  docking-sensors.o [1]
recently_right_backright
                        0x2000ae08   0x14  Data  Gb  docking-sensors.o [1]
recently_right_left     0x2000ae58   0x14  Data  Gb  docking-sensors.o [1]
recently_right_midleft  0x2000adb8   0x14  Data  Gb  docking-sensors.o [1]
recently_right_midright
                        0x2000adcc   0x14  Data  Gb  docking-sensors.o [1]
recently_right_right    0x2000ad90   0x14  Data  Gb  docking-sensors.o [1]
register_adc_chan_table
                        0x00034963         Code  Gb  syscall_api.o [8]
register_afio_table     0x00034965         Code  Gb  syscall_api.o [8]
register_debouncer      0x000349a1         Code  Gb  syscall_api.o [8]
register_dock_function  0x00034997         Code  Gb  syscall_api.o [8]
register_dock_signals   0x00034999         Code  Gb  syscall_api.o [8]
register_io_init_table  0x00034969         Code  Gb  syscall_api.o [8]
register_io_table       0x00034967         Code  Gb  syscall_api.o [8]
register_random_conut   0x0003499b         Code  Gb  syscall_api.o [8]
register_ui_config      0x00034949         Code  Gb  syscall_api.o [8]
reload_sensor_data      0x0003ac5b   0x1a  Code  Gb  wall_follow_common.o [1]
remap                   0x0003532c   0x20  Data  Gb  sensor.o [1]
remote_data_bit_init    0x0003a5c5    0xa  Code  Gb  ir_decode.o [1]
remote_decode           0x2000b8fc   0x3c  Data  Gb  ir_decode.o [1]
remote_decode_init      0x0003a5e3   0x1c  Code  Gb  ir_decode.o [1]
remote_decode_ir        0x0003a5ff  0x1a6  Code  Gb  ir_decode.o [1]
remote_ir_get           0x00038985    0xc  Code  Gb  remote_handle.o [1]
remote_resync_init      0x0003a5b9    0x8  Code  Gb  ir_decode.o [1]
remote_routine          0x0003982f    0xa  Code  Gb  remote.o [1]
remote_start_bit_init   0x0003a5c1    0x4  Code  Gb  ir_decode.o [1]
remote_stop_bit_init    0x0003a5cf    0xc  Code  Gb  ir_decode.o [1]
remote_timer            0x2000bb55    0x1  Data  Gb  remote_handle.o [1]
request_irq             0x00034921         Code  Gb  syscall_api.o [8]
reset_charge_stop_current
                        0x00035af1    0xa  Code  Lc  charge.o [1]
reset_cliff_threshold   0x00034e81    0xc  Code  Gb  sensor.o [1]
reset_led               0x0003b315   0x3e  Code  Gb  display.o [1]
reset_lt_auto_offset    0x00035285   0x16  Code  Gb  sensor.o [1]
reset_wifi_flag         0x2000bc1e    0x1  Data  Gb  SimWifi.o [1]
right_motor_current     0x2000ba90    0x2  Data  Gb  current.o [1]
robot_battery_init      0x000349e1   0x18  Code  Gb  robot_battery.o [1]
robot_battery_monitor   0x000360d9   0x9c  Code  Gb  robot-battery-monitor.o [1]
robot_battery_monitor_routine
                        0x00034a81   0x72  Code  Gb  robot_battery.o [1]
robot_brush_init        0x0003488b   0x10  Code  Gb  robot_brush.o [1]
robot_brush_update      0x000348b7   0x32  Code  Gb  robot_brush.o [1]
robot_bump_mask         0x00036361   0x24  Code  Gb  test_cmd_handle.o [1]
robot_close_sensor_led  0x0003522b   0x1c  Code  Gb  sensor.o [1]
robot_current_init      0x00035f15   0x18  Code  Gb  current.o [1]
robot_docking_kidnap_monitor
                        0x00035fa1   0xf0  Code  Gb  robot-battery-monitor.o [1]
robot_drive_go          0x000349ab         Code  Gb  syscall_api.o [8]
robot_get_dock_signals  0x0003b8b3   0x22  Code  Gb  docking-sensors.o [1]
robot_ir_detection_init
                        0x0003624b   0x14  Code  Gb  sensor_comm.o [1]
robot_ir_init           0x2000b803    0x1  Data  Lc  sensor.o [1]
robot_is_cliff          0x00035269    0x2  Code  Gb  sensor.o [1]
robot_is_lighttouch     0x0003526b    0x2  Code  Gb  sensor.o [1]
robot_is_maybe_not_bustbin
                        0x00036f77   0x1e  Code  Gb  robot_suction.o [1]
robot_midbrush_vols_set
                        0x000348a9    0xe  Code  Gb  robot_brush.o [1]
robot_motor_init        0x00035957   0x22  Code  Gb  motor.o [1]
robot_motor_update      0x00035949    0xe  Code  Gb  motor.o [1]
robot_rear_lt_distance  0x00035259    0x4  Code  Gb  sensor.o [1]
robot_sensor_gather_start
                        0x00036217    0x6  Code  Gb  sensor_comm.o [1]
robot_sensor_handler    0x0003621d   0x2e  Code  Gb  sensor_comm.o [1]
robot_sensor_init       0x0003529b   0x6c  Code  Gb  sensor.o [1]
robot_set_action_funs   0x0003496d         Code  Gb  syscall_api.o [8]
robot_set_adc_adjust    0x0003496f         Code  Gb  syscall_api.o [8]
robot_set_clean_speed   0x00034971         Code  Gb  syscall_api.o [8]
robot_set_going_speed   0x0003496b         Code  Gb  syscall_api.o [8]
robot_set_slowdown_div  0x000349ad         Code  Gb  syscall_api.o [8]
robot_sidebrush_vols_set
                        0x0003489b    0xe  Code  Gb  robot_brush.o [1]
robot_signal_distance   0x0003525d    0xc  Code  Gb  sensor.o [1]
robot_stasis_test_clear
                        0x00038439    0x8  Code  Gb  robot_univrsal_wheel.o [1]
robot_stasis_test_get   0x00038441    0x6  Code  Gb  robot_univrsal_wheel.o [1]
robot_suction_ctrl      0x00036f51    0x6  Code  Gb  robot_suction.o [1]
robot_suction_init      0x00036f95    0xe  Code  Gb  robot_suction.o [1]
robot_suction_update    0x00036f57   0x20  Code  Gb  robot_suction.o [1]
robot_suction_vols_set  0x00036fa3   0x20  Code  Gb  robot_suction.o [1]
robot_turn              0x000349a9         Code  Gb  syscall_api.o [8]
robot_universal_wheel_init
                        0x00038447    0xc  Code  Gb  robot_univrsal_wheel.o [1]
robot_universal_wheel_monitor
                        0x0003840f   0x2a  Code  Lc  robot_univrsal_wheel.o [1]
robot_universl_wheel_exit
                        0x00038727    0xc  Code  Gb  robot_univrsal_wheel.o [1]
robot_universl_wheel_init
                        0x000386e5   0x42  Code  Gb  robot_univrsal_wheel.o [1]
robot_wheel_drop_mask   0x00036341   0x20  Code  Gb  test_cmd_handle.o [1]
robot_xy_dist           0x0003498d         Code  Gb  syscall_api.o [8]
roll_angle_division     0x2000aee0    0x4  Data  Lc  docking-new.o [1]
roll_diretion           0x2000aedd    0x1  Data  Lc  docking-new.o [1]
roll_docking            0x00033ee9  0x578  Code  Gb  docking-new.o [1]
roll_docking_abort_code
                        0x00034545   0x14  Code  Gb  docking-new.o [1]
roll_docking_abort_flag
                        0x2000aedc    0x1  Data  Lc  docking-new.o [1]
roll_docking_abort_when
                        0x00034537    0x8  Code  Gb  docking-new.o [1]
roll_docking_register   0x00034561   0x20  Code  Gb  docking-new.o [1]
roll_docking_start_when
                        0x00033e59   0x3c  Code  Gb  docking-new.o [1]
rolling_dock            0x2000aedb    0x1  Data  Lc  docking-new.o [1]
save_map_index          0x2000ad0d    0x1  Data  Gb  SimSweep.o [1]
sb_stop_start_time      0x2000b7a0    0x4  Data  Lc  exception.o [1]
self_test_result        0x2000b9d8    0x4  Data  Lc  test_cmd_handle.o [1]
self_test_routine       0x00036bab    0xe  Code  Gb  test_cmd_handle.o [1]
sem_accept              0x0003490f         Code  Gb  syscall_api.o [8]
sem_create              0x00034911         Code  Gb  syscall_api.o [8]
sem_del                 0x00034913         Code  Gb  syscall_api.o [8]
sem_pend                0x00034915         Code  Gb  syscall_api.o [8]
sem_post                0x00034917         Code  Gb  syscall_api.o [8]
sem_query               0x00034919         Code  Gb  syscall_api.o [8]
send_backward_cmd       0x000399f7   0x24  Code  Gb  lib.o [1]
send_cur_data_flag      0x2000ad0b    0x1  Data  Gb  SimSweep.o [1]
send_drive_cmd          0x2000bc1b    0x1  Data  Gb  lib.o [1]
send_forward_cmd        0x000399d3   0x24  Code  Gb  lib.o [1]
send_history_map_flag   0x2000ad0c    0x1  Data  Gb  SimSweep.o [1]
send_left_cmd           0x00039a5f   0x24  Code  Gb  lib.o [1]
send_old_data_flag      0x2000bc14    0x1  Data  Gb  SimSweep.o [1]
send_right_cmd          0x00039aa7   0x24  Code  Gb  lib.o [1]
send_save_his_flag      0x2000b9c4    0x1  Data  Gb  SimSweep.o [1]
send_schedule_cmd       0x000399a7    0xa  Code  Gb  lib.o [1]
send_time_cmd           0x000399b1    0x8  Code  Gb  lib.o [1]
sensor_gather           0x00034e8d   0xbe  Code  Gb  sensor.o [1]
sensor_handle           0x00034f77  0x250  Code  Gb  sensor.o [1]
sensor_threshold_update
                        0x00034e05   0x6a  Code  Gb  sensor.o [1]
set_adaptor_output_voltage
                        0x000349c9         Code  Gb  syscall_api.o [8]
set_adjust_adc_value_to_system
                        0x00036b71   0x3a  Code  Gb  test_cmd_handle.o [1]
set_charge_current      0x000349c7         Code  Gb  syscall_api.o [8]
set_charge_voltage      0x000349cb         Code  Gb  syscall_api.o [8]
set_charging_enable     0x000349c3         Code  Gb  syscall_api.o [8]
set_cliff_enable        0x0003527f    0x6  Code  Gb  sensor.o [1]
set_cliff_threshold     0x00034e6f   0x12  Code  Gb  sensor.o [1]
set_current_day         0x2000bbe4    0x8  Data  Lc  lib.o [1]
set_current_time        0x000399c9    0xa  Code  Gb  lib.o [1]
set_display_power_up_flag
                        0x0003b535    0x6  Code  Gb  display.o [1]
set_dock_new_end        0x00034773   0x20  Code  Gb  docking-new.o [1]
set_led                 0x0003b2d7   0x3e  Code  Gb  display.o [1]
set_lighttouch_enable   0x00035279    0x6  Code  Gb  sensor.o [1]
set_motor_vels          0x00034973         Code  Gb  syscall_api.o [8]
set_near_dock_context   0x0003b88d   0x26  Code  Gb  docking-sensors.o [1]
set_power_callback      0x00034947         Code  Gb  syscall_api.o [8]
set_remote_val          0x0003494f         Code  Gb  syscall_api.o [8]
set_reset_wifi_flag     0x0003a521    0x6  Code  Gb  SimWifi.o [1]
set_self_diagnostics    0x000349d5         Code  Gb  syscall_api.o [8]
set_slip_high_throd     0x0003497d         Code  Gb  syscall_api.o [8]
set_slip_normal         0x00034985         Code  Gb  syscall_api.o [8]
set_songplayer_onoff    0x00037719    0x6  Code  Gb  song-player.o [1]
set_start_docking_state
                        0x00037819    0x8  Code  Gb  act.o [1]
set_stasis_high_throd   0x00038453    0x2  Code  Gb  robot_univrsal_wheel.o [1]
set_stasis_normal       0x00038455    0x2  Code  Gb  robot_univrsal_wheel.o [1]
set_ui_state            0x00037809    0x8  Code  Gb  act.o [1]
set_wifi_uart_tx_fifo_empty_irq
                        0x0003aa25    0xc  Code  Gb  uart_cfg.o [1]
side_brush_current      0x2000ba8c    0x2  Data  Gb  current.o [1]
side_brush_current_is_stall
                        0x00039b23   0x16  Code  Gb  exception.o [1]
side_brush_current_over_count
                        0x2000b792    0x2  Data  Lc  exception.o [1]
side_brush_stop         0x2000b77d    0x1  Data  Lc  exception.o [1]
side_brush_voltage      0x2000aef0    0x2  Data  Lc  robot_brush.o [1]
side_pwm_id             0x2000bb78    0x4  Data  Gb  tm_cfg.o [1]
sidebrush_off           0x2000aeec    0x1  Data  Lc  robot_brush.o [1]
signal_average_off      0x2000b83c   0x20  Data  Lc  sensor.o [1]
signal_average_on       0x2000b81c   0x20  Data  Lc  sensor.o [1]
signal_delta            0x2000b85c   0x20  Data  Gb  sensor.o [1]
signal_offset           0x2000b960   0x10  Data  Gb  sensor.o [1]
signal_queue_off        0x2000b544   0x80  Data  Lc  sensor.o [1]
signal_queue_on         0x2000b4c4   0x80  Data  Lc  sensor.o [1]
signal_result           0x2000b808   0x10  Data  Lc  sensor.o [1]
signal_threshold_off    0x2000bad0   0x20  Data  Lc  sensor.o [1]
signal_threshold_on     0x2000b938   0x20  Data  Lc  sensor.o [1]
sleep                   0x00034903         Code  Gb  syscall_api.o [8]
sleep_handle            0x00037841   0x60  Code  Gb  act.o [1]
songplayer_en           0x2000aef3    0x1  Data  Gb  song-player.o [1]
songplayer_init         0x000376f9    0x4  Code  Gb  song-player.o [1]
songplayer_is_playing   0x000376fd    0x4  Code  Gb  song-player.o [1]
songplayer_play_id      0x00037701   0x14  Code  Gb  song-player.o [1]
songplayer_routine      0x00037715    0x4  Code  Gb  song-player.o [1]
special_sleep_flag      0x2000ac67    0x1  Data  Gb  act.o [1]
spi0_afio               0x0003bae4   0x18  Data  Gb  afio_cfg.o [1]
spi1_afio               0x0003bafc   0x10  Data  Gb  afio_cfg.o [1]
spi_nor_flash_erase     0x00034983         Code  Gb  syscall_api.o [8]
spi_nor_flash_read      0x0003497f         Code  Gb  syscall_api.o [8]
spi_nor_flash_write     0x00034981         Code  Gb  syscall_api.o [8]
spot_mode               0x2000ac63    0x1  Data  Lc  act.o [1]
srand                   0x00034b31   0x20  Code  Gb  srand.o [3]
start_docking_flag      0x2000ac61    0x1  Data  Lc  act.o [1]
start_motor_test        0x000349d3         Code  Gb  syscall_api.o [8]
start_watchdog          0x0003bbfd   0x28  Code  Gb  local_process.o [1]
stasis_count            0x2000ac84    0x4  Data  Gb  robot_univrsal_wheel.o [1]
stasis_last_pos         0x2000aca4    0xc  Data  Gb  robot_univrsal_wheel.o [1]
stasis_test             0x2000ac88    0x4  Data  Gb  robot_univrsal_wheel.o [1]
stasis_throd_bool       0x2000ac80    0x1  Data  Lc  robot_univrsal_wheel.o [1]
state_save_and_recover  0x00038277   0x6a  Code  Gb  act.o [1]
state_save_and_recover_grid
                        0x000381f5   0x82  Code  Gb  act.o [1]
statsis_id              0x2000aef8    0x4  Data  Lc  robot_univrsal_wheel.o [1]
stop_act_cnt            0x2000b79e    0x2  Data  Lc  exception.o [1]
stop_motor_test         0x000349d1         Code  Gb  syscall_api.o [8]
suction_off             0x2000bb8e    0x1  Data  Gb  robot_suction.o [1]
sys_current_info_p      0x2000abcc   0x14  Data  Lc  SimWifi.o [1]
sys_exception_monitor   0x00039b4f  0x198  Code  Gb  exception.o [1]
sys_info_get            0x0003493f         Code  Gb  syscall_api.o [8]
sys_set_pwm_out_duty    0x000358ad   0x58  Code  Gb  tm_cfg.o [1]
sys_shutdown            0x00036093   0x46  Code  Gb  robot-battery-monitor.o [1]
sys_spi_cfg             0x0003bce1   0x74  Code  Gb  spi_cfg.o [1]
sys_spi_close           0x0003bd79   0x20  Code  Gb  spi_cfg.o [1]
sys_state_info_p        0x2000ac50   0x10  Data  Lc  act.o [1]
sys_state_info_p        0x2000ad14   0x10  Data  Lc  display.o [1]
sys_state_info_p        0x2000b780   0x10  Data  Lc  exception.o [1]
sys_state_info_p        0x2000acf8   0x10  Data  Lc  SimSweep.o [1]
sys_state_info_p        0x2000abb0   0x10  Data  Lc  SimWifi.o [1]
sys_tick_get            0x00034907         Code  Gb  syscall_api.o [8]
sys_tick_set            0x00034909         Code  Gb  syscall_api.o [8]
sys_timer_register      0x0003494b         Code  Gb  syscall_api.o [8]
sys_tm_cfg              0x00035703  0x138  Code  Gb  tm_cfg.o [1]
sys_tm_close            0x0003587b   0x32  Code  Gb  tm_cfg.o [1]
sys_uart_cfg            0x0003a935   0x9e  Code  Gb  uart_cfg.o [1]
sys_uart_close          0x0003aa03   0x22  Code  Gb  uart_cfg.o [1]
syscall_irq             0x2000bc0c    0x4  Data  Gb  irq_syscall.o [7]
system_reboot           0x00034945         Code  Gb  syscall_api.o [8]
target_index            0x2000bc15    0x1  Data  Gb  SimSweep.o [1]
tb_on_sig               0x2000b9fd    0x1  Data  Gb  lt_bump.o [1]
temp_list               0x00036d0c   0x14  Data  Gb  test_cmd_handle.o [1]
test_item_table         0x2000ab3c   0x3c  Data  Gb  test_cmd_handle.o [1]
test_result_dly         0x2000b9e0    0x4  Data  Lc  test_cmd_handle.o [1]
time_4khz_counter       0x2000b818    0x2  Data  Gb  sensor.o [1]
time_count              0x2000ad10    0x4  Data  Gb  SimSweep.o [1]
time_count2             0x2000b9cc    0x4  Data  Gb  SimSweep.o [1]
timed_tasks_unregister  0x00034953         Code  Gb  syscall_api.o [8]
timer_elapsed           0x00034943         Code  Gb  syscall_api.o [8]
timer_ms                0x00034941         Code  Gb  syscall_api.o [8]
timer_task_register     0x0003494d         Code  Gb  syscall_api.o [8]
tmp_day                 0x2000b738    0x8  Data  Lc  act.o [1]
tmp_day                 0x2000bb7c    0x8  Data  Lc  SimSweep.o [1]
tmp_length              0x2000ad0a    0x1  Data  Gb  SimSweep.o [1]
tmp_schedule_info       0x2000b740   0x3c  Data  Lc  act.o [1]
tmp_schedule_info       0x2000b5c4   0x3c  Data  Gb  lib.o [1]
touch_bump_onoff        0x2000b9fc    0x1  Data  Gb  lt_bump.o [1]
touch_bump_run          0x00034c4b  0x192  Code  Gb  lt_bump.o [1]
trickle_charging_time   0x2000abf4    0x2  Data  Gb  charge.o [1]
turn_away_wall          0x0003ac75   0x70  Code  Gb  wall_follow_common.o [1]
turn_off_touch_bump     0x00034c31    0x8  Code  Gb  lt_bump.o [1]
turn_on_touch_bump      0x00034c39   0x12  Code  Gb  lt_bump.o [1]
txrx_queue              0x2000b3fc   0xc8  Data  Gb  uart_queue.o [1]
type_three_ok           0x2000ad09    0x1  Data  Gb  SimSweep.o [1]
uart0_afio              0x0003bb0c   0x10  Data  Gb  afio_cfg.o [1]
uart1_afio              0x0003bb1c   0x10  Data  Gb  afio_cfg.o [1]
uart2_afio              0x0003bb2c   0x10  Data  Gb  afio_cfg.o [1]
uart3_afio              0x0003bb3c    0x8  Data  Gb  afio_cfg.o [1]
uart_cmd                0x2000ac1c    0x2  Data  Lc  SimSweep.o [1]
uart_cmd_ext_handle     0x000398d9   0x28  Code  Gb  uart_wifi_check.o [1]
uart_debug              0x2000bba8    0x4  Data  Gb  uart_cfg.o [1]
uart_send_buf           0x2000b6f0   0x48  Data  Gb  lib.o [1]
uart_txrx_q_empty       0x0003a8bf   0x12  Code  Gb  uart_queue.o [1]
uart_txrx_q_get         0x0003a87f   0x40  Code  Gb  uart_queue.o [1]
uart_txrx_q_put         0x0003a831   0x4e  Code  Gb  uart_queue.o [1]
uart_ui                 0x2000bbac    0x4  Data  Gb  uart_cfg.o [1]
uart_wifi               0x2000bbb0    0x4  Data  Gb  uart_cfg.o [1]
ui_config_default       0x000362d8   0x68  Data  Lc  ui-config.o [1]
ui_config_init          0x00036269    0x2  Code  Gb  ui-config.o [1]
ui_handle_idle          0x00038143   0x36  Code  Gb  act.o [1]
ui_local_config_default
                        0x00036278   0x60  Data  Lc  ui-config.o [1]
ui_manager              0x00037604   0xf4  Data  Lc  ui-manager.o [1]
ui_manager_clear_error_info
                        0x000375e7    0x4  Code  Lc  ui-manager.o [1]
ui_manager_deinit       0x000375d5    0x4  Code  Lc  ui-manager.o [1]
ui_manager_get_config   0x000375d9    0x4  Code  Lc  ui-manager.o [1]
ui_manager_init         0x000375cb    0xa  Code  Lc  ui-manager.o [1]
ui_manager_put_error_info
                        0x000375e3    0x4  Code  Lc  ui-manager.o [1]
ui_manager_put_massage  0x000375dd    0x6  Code  Lc  ui-manager.o [1]
ui_manager_put_real_map_point
                        0x000375ef   0x12  Code  Lc  ui-manager.o [1]
ui_manager_put_sensor_data
                        0x000375eb    0x4  Code  Lc  ui-manager.o [1]
ui_manager_quit_song    0x00037601    0x4  Code  Lc  ui-manager.o [1]
ui_msg_handle           0x00038ae9   0x42  Code  Gb  ui-msg-handler.o [1]
ui_put_map_point_info   0x000394c1   0x7a  Code  Gb  SimSweep.o [1]
ui_state                0x2000ac60    0x1  Data  Lc  act.o [1]
ui_test_cmd             0x2000bbc8    0x4  Data  Gb  act.o [1]
ui_test_index           0x2000bbc4    0x1  Data  Gb  act.o [1]
ui_test_last_ts         0x2000b9dc    0x4  Data  Lc  test_cmd_handle.o [1]
ui_test_last_ts2        0x2000b9e4   0x18  Data  Lc  test_cmd_handle.o [1]
ui_test_num_last        0x2000b9d6    0x2  Data  Lc  test_cmd_handle.o [1]
ui_uart_handler         0x0003a8e7   0x22  Code  Gb  uart_cfg.o [1]
uni                     0x2000bb10   0x10  Data  Gb  state_view.o [1]
universal_wheel_count   0x00038409    0x6  Code  Gb  robot_univrsal_wheel.o [1]
universal_wheel_monitor
                        0x0003845f  0x26c  Code  Gb  robot_univrsal_wheel.o [1]
unlock_irq              0x000348f3         Code  Gb  syscall_api.o [8]
unregister_debouncer    0x000349a3         Code  Gb  syscall_api.o [8]
unregister_dock_function
                        0x00034995         Code  Gb  syscall_api.o [8]
update_dirt_level       0x00034977         Code  Gb  syscall_api.o [8]
update_main_duty        0x0003485d   0x2e  Code  Gb  robot_brush.o [1]
update_side_duty        0x00034831   0x2c  Code  Gb  robot_brush.o [1]
update_suction_duty     0x00036f31   0x20  Code  Gb  robot_suction.o [1]
useok                   0x2000b802    0x1  Data  Lc  sensor.o [1]
v_ref_init              0x000349c5         Code  Gb  syscall_api.o [8]
vac_current_null_count  0x2000b796    0x2  Data  Lc  exception.o [1]
vac_current_over_count  0x2000b794    0x2  Data  Lc  exception.o [1]
vaccum_is_maybe_stall   0x00039b39   0x16  Code  Gb  exception.o [1]
vaccum_motor_current    0x2000ba94    0x2  Data  Gb  current.o [1]
view_CMD                0x00036e2d   0x24  Code  Gb  state_view.o [1]
view_bump               0x00036e69   0x18  Code  Gb  state_view.o [1]
view_key                0x00036e51   0x18  Code  Gb  state_view.o [1]
view_main_task          0x00036d21   0xe2  Code  Gb  state_view.o [1]
view_msg                0x00036e03   0x1a  Code  Gb  state_view.o [1]
virtual_wall_active     0x0003b993    0x4  Code  Gb  virtual-wall.o [1]
virtual_wall_get_signals
                        0x0003b991    0x2  Code  Gb  virtual-wall.o [1]
voiceplayer_get_file_count
                        0x00034959         Code  Gb  syscall_api.o [8]
voiceplayer_get_file_version
                        0x00034957         Code  Gb  syscall_api.o [8]
voiceplayer_init        0x00034955         Code  Gb  syscall_api.o [8]
voiceplayer_is_playing  0x0003495d         Code  Gb  syscall_api.o [8]
voiceplayer_play_index  0x0003495b         Code  Gb  syscall_api.o [8]
voiceplayer_play_stream
                        0x00034961         Code  Gb  syscall_api.o [8]
voiceplayer_quit_playing
                        0x0003495f         Code  Gb  syscall_api.o [8]
voltage_adc             0x2000aa94   0x2c  Data  Gb  SimWifi.o [1]
vram_read               0x000349b1         Code  Gb  syscall_api.o [8]
vram_write              0x000349af         Code  Gb  syscall_api.o [8]
waiting_state_cnt       0x2000ac70    0x2  Data  Lc  act.o [1]
wake_handler            0x0003b999    0x2  Code  Gb  exti_cfg.o [1]
wakeup_id               0x2000bab0   0x20  Data  Lc  exti_cfg.o [1]
wakeup_pin_cfg          0x0003b9bf   0xd2  Code  Gb  exti_cfg.o [1]
wall_follow_callback    0x0003af13  0x1da  Code  Gb  wall_follow_common.o [1]
wall_follow_is_running  0x000349b3         Code  Gb  syscall_api.o [8]
wall_follow_start       0x0003aeaf   0x48  Code  Gb  wall_follow_common.o [1]
wall_follow_stop        0x0003aef7   0x1c  Code  Gb  wall_follow_common.o [1]
wdg_fd                  0x2000aef4    0x4  Data  Gb  local_process.o [1]
week                    0x2000bb89    0x1  Data  Gb  SimSweep.o [1]
wf_g_par                0x2000ba44   0x18  Data  Gb  wall_follow_common.o [1]
wf_turn_array_p         0x2000ba64    0x4  Data  Gb  wall_follow_common.o [1]
wf_turn_good_count      0x2000ba5d    0x1  Data  Gb  wall_follow_common.o [1]
wf_turn_index_i         0x2000ba5c    0x1  Data  Gb  wall_follow_common.o [1]
wheel_test_event        0x2000b9d1    0x1  Data  Lc  test_cmd_handle.o [1]
wifi_delay_ts           0x2000abe4    0x4  Data  Lc  SimWifi.o [1]
wifi_flag               0x2000ac68    0x1  Data  Lc  act.o [1]
wifi_led                0x2000ac6a    0x1  Data  Gb  act.o [1]
wifi_press_long_flag    0x2000ac69    0x1  Data  Lc  act.o [1]
wifi_rx_queue           0x2000a820   0xc8  Data  Gb  uart_queue.o [1]
wifi_send_sleep_flag    0x2000bc1f    0x1  Data  Gb  SimWifi.o [1]
wifi_uart_cmd0          0x2000ac20   0x10  Data  Gb  SimSweep.o [1]
wifi_uart_cmd1          0x2000ac30   0x10  Data  Gb  SimSweep.o [1]
wifi_uart_cmd2          0x2000ac40   0x10  Data  Gb  SimSweep.o [1]
wifi_uart_cmd3          0x2000aebc   0x10  Data  Gb  SimSweep.o [1]
wifi_uart_cmd_rounte    0x00039901   0x5e  Code  Gb  uart_wifi_check.o [1]
wifi_uart_cmd_state     0x2000aa28   0x68  Data  Lc  uart_wifi_check.o [1]
wifi_uart_cmd_state_p   0x2000ac7c    0x4  Data  Lc  act.o [1]
wifi_uart_handler       0x0003a909   0x2c  Code  Gb  uart_cfg.o [1]
working_byte            0x2000ab78    0x8  Data  Gb  remote_handle.o [1]
write_nvram_flag        0x2000b9d4    0x1  Data  Lc  test_cmd_handle.o [1]
write_ptr               0x2000ab88    0x8  Data  Lc  remote_handle.o [1]
write_ptr               0x2000a800    0x8  Data  Gb  uart_queue.o [1]
year                    0x2000bb8c    0x2  Data  Gb  SimSweep.o [1]


[1] = F:\海尔\新版+8k解码+预约+去掉多余代码\project\Debug\Obj
[2] = command line
[3] = dl7M_tln.a
[4] = m7M_tl.a
[5] = rt7M_tl.a
[6] = shb_l.a
[7] = startup.a
[8] = syscall_api.a

  35 244 bytes of readonly  code memory
   1 591 bytes of readonly  data memory
   5 152 bytes of readwrite data memory

Errors: none
Warnings: none
